#2026 05 24 18:42:50.983#Z#DEBUG#3ea96a42-57a0-11f1-b455-eeee0a8493c0.field-task-cap-db-deployer#flowable-async-job-executor-thread-13162#
[PollStageAppStatusExecution] 840ecb38-ed1b-4303-b079-0ce6533f7037 [2026-05-24T18:42:12.656326] Added process: "web" (STDOUT, API)#
#2026 05 24 18:42:50.983#Z#DEBUG#3ea96a42-57a0-11f1-b455-eeee0a8493c0.field-task-cap-db-deployer#flowable-async-job-executor-thread-13162#
[PollStageAppStatusExecution] 840ecb38-ed1b-4303-b079-0ce6533f7037 [2026-05-24T18:42:12.664588] Created app with guid 840ecb38-ed1b-4303-b079-0ce6533f7037 (STDOUT, API)#
#2026 05 24 18:42:50.983#Z#DEBUG#3ea96a42-57a0-11f1-b455-eeee0a8493c0.field-task-cap-db-deployer#flowable-async-job-executor-thread-13162#
[PollStageAppStatusExecution] 840ecb38-ed1b-4303-b079-0ce6533f7037 [2026-05-24T18:42:12.756609] Updating process: "web" (STDOUT, API)#
#2026 05 24 18:42:50.983#Z#DEBUG#3ea96a42-57a0-11f1-b455-eeee0a8493c0.field-task-cap-db-deployer#flowable-async-job-executor-thread-13162#
[PollStageAppStatusExecution] 840ecb38-ed1b-4303-b079-0ce6533f7037 [2026-05-24T18:42:12.808969] Scaling process: "web" (STDOUT, API)#
#2026 05 24 18:42:50.983#Z#DEBUG#3ea96a42-57a0-11f1-b455-eeee0a8493c0.field-task-cap-db-deployer#flowable-async-job-executor-thread-13162#
[PollStageAppStatusExecution] 840ecb38-ed1b-4303-b079-0ce6533f7037 [2026-05-24T18:42:31.052859] Uploading app package for app with guid 840ecb38-ed1b-4303-b079-0ce6533f7037 (STDOUT, API)#
#2026 05 24 18:42:50.983#Z#DEBUG#3ea96a42-57a0-11f1-b455-eeee0a8493c0.field-task-cap-db-deployer#flowable-async-job-executor-thread-13162#
[PollStageAppStatusExecution] 840ecb38-ed1b-4303-b079-0ce6533f7037 [2026-05-24T18:42:31.253549] Updated app with guid 840ecb38-ed1b-4303-b079-0ce6533f7037 ({"environment_variables"=>"[PRIVATE DATA HIDDEN]"}) (STDOUT, API)#
#2026 05 24 18:42:50.983#Z#DEBUG#3ea96a42-57a0-11f1-b455-eeee0a8493c0.field-task-cap-db-deployer#flowable-async-job-executor-thread-13162#
[PollStageAppStatusExecution] 840ecb38-ed1b-4303-b079-0ce6533f7037 [2026-05-24T18:42:41.080527] Creating build for app with guid 840ecb38-ed1b-4303-b079-0ce6533f7037 (STDOUT, API)#
#2026 05 24 18:42:50.983#Z#DEBUG#3ea96a42-57a0-11f1-b455-eeee0a8493c0.field-task-cap-db-deployer#flowable-async-job-executor-thread-13162#
[PollStageAppStatusExecution] 840ecb38-ed1b-4303-b079-0ce6533f7037 [2026-05-24T18:42:41.582378] Downloading nodejs_buildpack... (STDOUT, STG)#
#2026 05 24 18:42:50.983#Z#DEBUG#3ea96a42-57a0-11f1-b455-eeee0a8493c0.field-task-cap-db-deployer#flowable-async-job-executor-thread-13162#
[PollStageAppStatusExecution] 840ecb38-ed1b-4303-b079-0ce6533f7037 [2026-05-24T18:42:41.628663] Downloaded nodejs_buildpack (STDOUT, STG)#
#2026 05 24 18:42:50.983#Z#DEBUG#3ea96a42-57a0-11f1-b455-eeee0a8493c0.field-task-cap-db-deployer#flowable-async-job-executor-thread-13162#
[PollStageAppStatusExecution] 840ecb38-ed1b-4303-b079-0ce6533f7037 [2026-05-24T18:42:41.628773] Cell d1cc041a-d5a1-41d6-b9f6-6cda736ce3f0 creating container for instance 1b0ef58a-56ae-469e-acc9-cd3b880c08d1 (STDOUT, STG)#
#2026 05 24 18:42:50.983#Z#DEBUG#3ea96a42-57a0-11f1-b455-eeee0a8493c0.field-task-cap-db-deployer#flowable-async-job-executor-thread-13162#
[PollStageAppStatusExecution] 840ecb38-ed1b-4303-b079-0ce6533f7037 [2026-05-24T18:42:42.479820] Security group rules were updated (STDOUT, STG)#
#2026 05 24 18:42:50.983#Z#DEBUG#3ea96a42-57a0-11f1-b455-eeee0a8493c0.field-task-cap-db-deployer#flowable-async-job-executor-thread-13162#
[PollStageAppStatusExecution] 840ecb38-ed1b-4303-b079-0ce6533f7037 [2026-05-24T18:42:42.565126] Cell d1cc041a-d5a1-41d6-b9f6-6cda736ce3f0 successfully created container for instance 1b0ef58a-56ae-469e-acc9-cd3b880c08d1 (STDOUT, STG)#
#2026 05 24 18:42:50.983#Z#DEBUG#3ea96a42-57a0-11f1-b455-eeee0a8493c0.field-task-cap-db-deployer#flowable-async-job-executor-thread-13162#
[PollStageAppStatusExecution] 840ecb38-ed1b-4303-b079-0ce6533f7037 [2026-05-24T18:42:43.226492] Downloading app package... (STDOUT, STG)#
#2026 05 24 18:42:50.983#Z#DEBUG#3ea96a42-57a0-11f1-b455-eeee0a8493c0.field-task-cap-db-deployer#flowable-async-job-executor-thread-13162#
[PollStageAppStatusExecution] 840ecb38-ed1b-4303-b079-0ce6533f7037 [2026-05-24T18:42:43.564820] Downloaded app package (2.3M) (STDOUT, STG)#
#2026 05 24 18:42:50.983#Z#DEBUG#3ea96a42-57a0-11f1-b455-eeee0a8493c0.field-task-cap-db-deployer#flowable-async-job-executor-thread-13162#
[PollStageAppStatusExecution] 840ecb38-ed1b-4303-b079-0ce6533f7037 [2026-05-24T18:42:43.689216] -----> Nodejs Buildpack version 1.8.44 (STDOUT, STG)#
#2026 05 24 18:42:50.983#Z#DEBUG#3ea96a42-57a0-11f1-b455-eeee0a8493c0.field-task-cap-db-deployer#flowable-async-job-executor-thread-13162#
[PollStageAppStatusExecution] 840ecb38-ed1b-4303-b079-0ce6533f7037 [2026-05-24T18:42:43.854471] -----> Bootstrapping python (STDOUT, STG)#
#2026 05 24 18:42:50.983#Z#DEBUG#3ea96a42-57a0-11f1-b455-eeee0a8493c0.field-task-cap-db-deployer#flowable-async-job-executor-thread-13162#
[PollStageAppStatusExecution] 840ecb38-ed1b-4303-b079-0ce6533f7037 [2026-05-24T18:42:43.854498] -----> Installing python 3.11.14 (STDOUT, STG)#
#2026 05 24 18:42:50.983#Z#DEBUG#3ea96a42-57a0-11f1-b455-eeee0a8493c0.field-task-cap-db-deployer#flowable-async-job-executor-thread-13162#
[PollStageAppStatusExecution] 840ecb38-ed1b-4303-b079-0ce6533f7037 [2026-05-24T18:42:43.854518] Copy [/tmp/buildpacks/978cee5ec9c58000/dependencies/b5e0345ae0ae1932e7d56fffaa49a487/python_3.11.14_linux_x64_cflinuxfs4_66f53248.tgz] (STDOUT, STG)#
#2026 05 24 18:42:50.983#Z#DEBUG#3ea96a42-57a0-11f1-b455-eeee0a8493c0.field-task-cap-db-deployer#flowable-async-job-executor-thread-13162#
[PollStageAppStatusExecution] 840ecb38-ed1b-4303-b079-0ce6533f7037 [2026-05-24T18:42:47.957836] -----> Installing binaries (STDOUT, STG)#
#2026 05 24 18:42:50.983#Z#DEBUG#3ea96a42-57a0-11f1-b455-eeee0a8493c0.field-task-cap-db-deployer#flowable-async-job-executor-thread-13162#
[PollStageAppStatusExecution] 840ecb38-ed1b-4303-b079-0ce6533f7037 [2026-05-24T18:42:47.957951] engines.node (package.json): >=18 (STDOUT, STG)#
#2026 05 24 18:42:50.983#Z#DEBUG#3ea96a42-57a0-11f1-b455-eeee0a8493c0.field-task-cap-db-deployer#flowable-async-job-executor-thread-13162#
[PollStageAppStatusExecution] 840ecb38-ed1b-4303-b079-0ce6533f7037 [2026-05-24T18:42:47.957964] engines.npm (package.json): unspecified (use default) (STDOUT, STG)#
#2026 05 24 18:42:50.983#Z#DEBUG#3ea96a42-57a0-11f1-b455-eeee0a8493c0.field-task-cap-db-deployer#flowable-async-job-executor-thread-13162#
[PollStageAppStatusExecution] 840ecb38-ed1b-4303-b079-0ce6533f7037 [2026-05-24T18:42:47.957979] [31;1m**WARNING**[0m Dangerous semver range (>) in engines.node. See: http://docs.cloudfoundry.org/buildpacks/node/node-tips.html (STDOUT, STG)#
#2026 05 24 18:42:50.983#Z#DEBUG#3ea96a42-57a0-11f1-b455-eeee0a8493c0.field-task-cap-db-deployer#flowable-async-job-executor-thread-13162#
[PollStageAppStatusExecution] 840ecb38-ed1b-4303-b079-0ce6533f7037 [2026-05-24T18:42:47.958100] -----> Installing node 24.13.0 (STDOUT, STG)#
#2026 05 24 18:42:50.983#Z#DEBUG#3ea96a42-57a0-11f1-b455-eeee0a8493c0.field-task-cap-db-deployer#flowable-async-job-executor-thread-13162#
[PollStageAppStatusExecution] 840ecb38-ed1b-4303-b079-0ce6533f7037 [2026-05-24T18:42:47.958249] Copy [/tmp/buildpacks/978cee5ec9c58000/dependencies/2f5692219fecc3eee6e6d507a6bfe7b9/node_24.13.0_linux_x64_cflinuxfs4_a816dee1.tgz] (STDOUT, STG)#
#2026 05 24 18:43:01.000#Z#DEBUG#3ea96a42-57a0-11f1-b455-eeee0a8493c0.field-task-cap-db-deployer#flowable-async-job-executor-thread-13168#
[PollStageAppStatusExecution] 840ecb38-ed1b-4303-b079-0ce6533f7037 [2026-05-24T18:42:50.574922] Using default npm version: 11.6.2 (STDOUT, STG)#
#2026 05 24 18:43:01.000#Z#DEBUG#3ea96a42-57a0-11f1-b455-eeee0a8493c0.field-task-cap-db-deployer#flowable-async-job-executor-thread-13168#
[PollStageAppStatusExecution] 840ecb38-ed1b-4303-b079-0ce6533f7037 [2026-05-24T18:42:50.574949] -----> Installing yarn 1.22.22 (STDOUT, STG)#
#2026 05 24 18:43:01.000#Z#DEBUG#3ea96a42-57a0-11f1-b455-eeee0a8493c0.field-task-cap-db-deployer#flowable-async-job-executor-thread-13168#
[PollStageAppStatusExecution] 840ecb38-ed1b-4303-b079-0ce6533f7037 [2026-05-24T18:42:50.575022] Copy [/tmp/buildpacks/978cee5ec9c58000/dependencies/e3a39aedd1236924d69cc2d0637a8ed2/yarn_1.22.22_linux_noarch_any-stack_4911d0a6.tgz] (STDOUT, STG)#
#2026 05 24 18:43:01.000#Z#DEBUG#3ea96a42-57a0-11f1-b455-eeee0a8493c0.field-task-cap-db-deployer#flowable-async-job-executor-thread-13168#
[PollStageAppStatusExecution] 840ecb38-ed1b-4303-b079-0ce6533f7037 [2026-05-24T18:42:50.927187] Installed yarn 1.22.22 (STDOUT, STG)#
#2026 05 24 18:43:01.000#Z#DEBUG#3ea96a42-57a0-11f1-b455-eeee0a8493c0.field-task-cap-db-deployer#flowable-async-job-executor-thread-13168#
[PollStageAppStatusExecution] 840ecb38-ed1b-4303-b079-0ce6533f7037 [2026-05-24T18:42:50.927225] -----> Creating runtime environment (STDOUT, STG)#
#2026 05 24 18:43:01.000#Z#DEBUG#3ea96a42-57a0-11f1-b455-eeee0a8493c0.field-task-cap-db-deployer#flowable-async-job-executor-thread-13168#
[PollStageAppStatusExecution] 840ecb38-ed1b-4303-b079-0ce6533f7037 [2026-05-24T18:42:50.929049] NODE_ENV=production (STDOUT, STG)#
#2026 05 24 18:43:01.000#Z#DEBUG#3ea96a42-57a0-11f1-b455-eeee0a8493c0.field-task-cap-db-deployer#flowable-async-job-executor-thread-13168#
[PollStageAppStatusExecution] 840ecb38-ed1b-4303-b079-0ce6533f7037 [2026-05-24T18:42:50.929069] NODE_HOME=/tmp/contents3899549096/deps/0/node (STDOUT, STG)#
#2026 05 24 18:43:01.000#Z#DEBUG#3ea96a42-57a0-11f1-b455-eeee0a8493c0.field-task-cap-db-deployer#flowable-async-job-executor-thread-13168#
[PollStageAppStatusExecution] 840ecb38-ed1b-4303-b079-0ce6533f7037 [2026-05-24T18:42:50.929075] NODE_MODULES_CACHE=true (STDOUT, STG)#
#2026 05 24 18:43:01.000#Z#DEBUG#3ea96a42-57a0-11f1-b455-eeee0a8493c0.field-task-cap-db-deployer#flowable-async-job-executor-thread-13168#
[PollStageAppStatusExecution] 840ecb38-ed1b-4303-b079-0ce6533f7037 [2026-05-24T18:42:50.929077] NODE_VERBOSE=false (STDOUT, STG)#
#2026 05 24 18:43:01.000#Z#DEBUG#3ea96a42-57a0-11f1-b455-eeee0a8493c0.field-task-cap-db-deployer#flowable-async-job-executor-thread-13168#
[PollStageAppStatusExecution] 840ecb38-ed1b-4303-b079-0ce6533f7037 [2026-05-24T18:42:50.929079] NPM_CONFIG_LOGLEVEL=error (STDOUT, STG)#
#2026 05 24 18:43:01.000#Z#DEBUG#3ea96a42-57a0-11f1-b455-eeee0a8493c0.field-task-cap-db-deployer#flowable-async-job-executor-thread-13168#
[PollStageAppStatusExecution] 840ecb38-ed1b-4303-b079-0ce6533f7037 [2026-05-24T18:42:50.929083] NPM_CONFIG_PRODUCTION=true (STDOUT, STG)#
#2026 05 24 18:43:01.000#Z#DEBUG#3ea96a42-57a0-11f1-b455-eeee0a8493c0.field-task-cap-db-deployer#flowable-async-job-executor-thread-13168#
[PollStageAppStatusExecution] 840ecb38-ed1b-4303-b079-0ce6533f7037 [2026-05-24T18:42:50.929102] -----> Building dependencies (STDOUT, STG)#
#2026 05 24 18:43:01.000#Z#DEBUG#3ea96a42-57a0-11f1-b455-eeee0a8493c0.field-task-cap-db-deployer#flowable-async-job-executor-thread-13168#
[PollStageAppStatusExecution] 840ecb38-ed1b-4303-b079-0ce6533f7037 [2026-05-24T18:42:50.929123] Prebuild detected (node_modules already exists) (STDOUT, STG)#
#2026 05 24 18:43:01.000#Z#DEBUG#3ea96a42-57a0-11f1-b455-eeee0a8493c0.field-task-cap-db-deployer#flowable-async-job-executor-thread-13168#
[PollStageAppStatusExecution] 840ecb38-ed1b-4303-b079-0ce6533f7037 [2026-05-24T18:42:50.929132] Rebuilding any native modules (STDOUT, STG)#
#2026 05 24 18:43:01.000#Z#DEBUG#3ea96a42-57a0-11f1-b455-eeee0a8493c0.field-task-cap-db-deployer#flowable-async-job-executor-thread-13168#
[PollStageAppStatusExecution] 840ecb38-ed1b-4303-b079-0ce6533f7037 [2026-05-24T18:42:51.531068] rebuilt dependencies successfully (STDOUT, STG)#
#2026 05 24 18:43:01.000#Z#DEBUG#3ea96a42-57a0-11f1-b455-eeee0a8493c0.field-task-cap-db-deployer#flowable-async-job-executor-thread-13168#
[PollStageAppStatusExecution] 840ecb38-ed1b-4303-b079-0ce6533f7037 [2026-05-24T18:42:51.607521] Installing any new modules (package.json + package-lock.json) (STDOUT, STG)#
#2026 05 24 18:43:01.000#Z#DEBUG#3ea96a42-57a0-11f1-b455-eeee0a8493c0.field-task-cap-db-deployer#flowable-async-job-executor-thread-13168#
[PollStageAppStatusExecution] 840ecb38-ed1b-4303-b079-0ce6533f7037 [2026-05-24T18:42:52.108345] up to date in 410ms (STDOUT, STG)#
#2026 05 24 18:43:01.000#Z#DEBUG#3ea96a42-57a0-11f1-b455-eeee0a8493c0.field-task-cap-db-deployer#flowable-async-job-executor-thread-13168#
[PollStageAppStatusExecution] 840ecb38-ed1b-4303-b079-0ce6533f7037 [2026-05-24T18:42:52.108539] 4 packages are looking for funding (STDOUT, STG)#
#2026 05 24 18:43:01.000#Z#DEBUG#3ea96a42-57a0-11f1-b455-eeee0a8493c0.field-task-cap-db-deployer#flowable-async-job-executor-thread-13168#
[PollStageAppStatusExecution] 840ecb38-ed1b-4303-b079-0ce6533f7037 [2026-05-24T18:42:52.108635] run `npm fund` for details (STDOUT, STG)#
#2026 05 24 18:43:01.000#Z#DEBUG#3ea96a42-57a0-11f1-b455-eeee0a8493c0.field-task-cap-db-deployer#flowable-async-job-executor-thread-13168#
[PollStageAppStatusExecution] 840ecb38-ed1b-4303-b079-0ce6533f7037 [2026-05-24T18:42:52.848194] Contrast Security no credentials found. Will not write environment files. (STDOUT, STG)#
#2026 05 24 18:43:11.018#Z#DEBUG#3ea96a42-57a0-11f1-b455-eeee0a8493c0.field-task-cap-db-deployer#flowable-async-job-executor-thread-4951#
[PollStageAppStatusExecution] 840ecb38-ed1b-4303-b079-0ce6533f7037 [2026-05-24T18:43:02.268558] Exit status 0 (STDOUT, STG)#
#2026 05 24 18:43:11.018#Z#DEBUG#3ea96a42-57a0-11f1-b455-eeee0a8493c0.field-task-cap-db-deployer#flowable-async-job-executor-thread-4951#
[PollStageAppStatusExecution] 840ecb38-ed1b-4303-b079-0ce6533f7037 [2026-05-24T18:43:02.268622] Uploading droplet, build artifacts cache... (STDOUT, STG)#
#2026 05 24 18:43:11.018#Z#DEBUG#3ea96a42-57a0-11f1-b455-eeee0a8493c0.field-task-cap-db-deployer#flowable-async-job-executor-thread-4951#
[PollStageAppStatusExecution] 840ecb38-ed1b-4303-b079-0ce6533f7037 [2026-05-24T18:43:02.268663] Uploading droplet... (STDOUT, STG)#
#2026 05 24 18:43:11.018#Z#DEBUG#3ea96a42-57a0-11f1-b455-eeee0a8493c0.field-task-cap-db-deployer#flowable-async-job-executor-thread-4951#
[PollStageAppStatusExecution] 840ecb38-ed1b-4303-b079-0ce6533f7037 [2026-05-24T18:43:02.269031] Uploading build artifacts cache... (STDOUT, STG)#
#2026 05 24 18:43:11.018#Z#DEBUG#3ea96a42-57a0-11f1-b455-eeee0a8493c0.field-task-cap-db-deployer#flowable-async-job-executor-thread-4951#
[PollStageAppStatusExecution] 840ecb38-ed1b-4303-b079-0ce6533f7037 [2026-05-24T18:43:02.304899] Uploaded build artifacts cache (219B) (STDOUT, STG)#
#2026 05 24 18:43:11.019#Z#DEBUG#3ea96a42-57a0-11f1-b455-eeee0a8493c0.field-task-cap-db-deployer#flowable-async-job-executor-thread-4951#
[PollStageAppStatusExecution] 840ecb38-ed1b-4303-b079-0ce6533f7037 [2026-05-24T18:43:03.066792] Creating droplet for app with guid 840ecb38-ed1b-4303-b079-0ce6533f7037 (STDOUT, API)#
#2026 05 24 18:43:11.019#Z#DEBUG#3ea96a42-57a0-11f1-b455-eeee0a8493c0.field-task-cap-db-deployer#flowable-async-job-executor-thread-4951#
[PollStageAppStatusExecution] 840ecb38-ed1b-4303-b079-0ce6533f7037 [2026-05-24T18:43:05.133380] Uploaded droplet (58.4M) (STDOUT, STG)#
#2026 05 24 18:43:11.019#Z#DEBUG#3ea96a42-57a0-11f1-b455-eeee0a8493c0.field-task-cap-db-deployer#flowable-async-job-executor-thread-4951#
[PollStageAppStatusExecution] 840ecb38-ed1b-4303-b079-0ce6533f7037 [2026-05-24T18:43:05.159778] Uploading complete (STDOUT, STG)#
#2026 05 24 18:43:11.019#Z#DEBUG#3ea96a42-57a0-11f1-b455-eeee0a8493c0.field-task-cap-db-deployer#flowable-async-job-executor-thread-4951#
[PollStageAppStatusExecution] 840ecb38-ed1b-4303-b079-0ce6533f7037 [2026-05-24T18:43:07.084916] Cell d1cc041a-d5a1-41d6-b9f6-6cda736ce3f0 stopping instance 1b0ef58a-56ae-469e-acc9-cd3b880c08d1 (STDOUT, STG)#
#2026 05 24 18:43:11.019#Z#DEBUG#3ea96a42-57a0-11f1-b455-eeee0a8493c0.field-task-cap-db-deployer#flowable-async-job-executor-thread-4951#
[PollStageAppStatusExecution] 840ecb38-ed1b-4303-b079-0ce6533f7037 [2026-05-24T18:43:07.084979] Cell d1cc041a-d5a1-41d6-b9f6-6cda736ce3f0 destroying container for instance 1b0ef58a-56ae-469e-acc9-cd3b880c08d1 (STDOUT, STG)#
#2026 05 24 18:43:11.019#Z#DEBUG#3ea96a42-57a0-11f1-b455-eeee0a8493c0.field-task-cap-db-deployer#flowable-async-job-executor-thread-4951#
[PollStageAppStatusExecution] 840ecb38-ed1b-4303-b079-0ce6533f7037 [2026-05-24T18:43:07.136122] Staging complete for build 1b0ef58a-56ae-469e-acc9-cd3b880c08d1 (STDOUT, API)#
#2026 05 24 18:43:21.048#Z#DEBUG#3ea96a42-57a0-11f1-b455-eeee0a8493c0.field-task-cap-db-deployer#flowable-async-job-executor-thread-13174#
[PollExecuteTaskStatusExecution] 840ecb38-ed1b-4303-b079-0ce6533f7037 [2026-05-24T18:42:12.656326] Added process: "web" (STDOUT, API)#
#2026 05 24 18:43:21.048#Z#DEBUG#3ea96a42-57a0-11f1-b455-eeee0a8493c0.field-task-cap-db-deployer#flowable-async-job-executor-thread-13174#
[PollExecuteTaskStatusExecution] 840ecb38-ed1b-4303-b079-0ce6533f7037 [2026-05-24T18:42:12.664588] Created app with guid 840ecb38-ed1b-4303-b079-0ce6533f7037 (STDOUT, API)#
#2026 05 24 18:43:21.048#Z#DEBUG#3ea96a42-57a0-11f1-b455-eeee0a8493c0.field-task-cap-db-deployer#flowable-async-job-executor-thread-13174#
[PollExecuteTaskStatusExecution] 840ecb38-ed1b-4303-b079-0ce6533f7037 [2026-05-24T18:42:12.756609] Updating process: "web" (STDOUT, API)#
#2026 05 24 18:43:21.048#Z#DEBUG#3ea96a42-57a0-11f1-b455-eeee0a8493c0.field-task-cap-db-deployer#flowable-async-job-executor-thread-13174#
[PollExecuteTaskStatusExecution] 840ecb38-ed1b-4303-b079-0ce6533f7037 [2026-05-24T18:42:12.808969] Scaling process: "web" (STDOUT, API)#
#2026 05 24 18:43:21.048#Z#DEBUG#3ea96a42-57a0-11f1-b455-eeee0a8493c0.field-task-cap-db-deployer#flowable-async-job-executor-thread-13174#
[PollExecuteTaskStatusExecution] 840ecb38-ed1b-4303-b079-0ce6533f7037 [2026-05-24T18:42:31.052859] Uploading app package for app with guid 840ecb38-ed1b-4303-b079-0ce6533f7037 (STDOUT, API)#
#2026 05 24 18:43:21.048#Z#DEBUG#3ea96a42-57a0-11f1-b455-eeee0a8493c0.field-task-cap-db-deployer#flowable-async-job-executor-thread-13174#
[PollExecuteTaskStatusExecution] 840ecb38-ed1b-4303-b079-0ce6533f7037 [2026-05-24T18:42:31.253549] Updated app with guid 840ecb38-ed1b-4303-b079-0ce6533f7037 ({"environment_variables"=>"[PRIVATE DATA HIDDEN]"}) (STDOUT, API)#
#2026 05 24 18:43:21.048#Z#DEBUG#3ea96a42-57a0-11f1-b455-eeee0a8493c0.field-task-cap-db-deployer#flowable-async-job-executor-thread-13174#
[PollExecuteTaskStatusExecution] 840ecb38-ed1b-4303-b079-0ce6533f7037 [2026-05-24T18:42:41.080527] Creating build for app with guid 840ecb38-ed1b-4303-b079-0ce6533f7037 (STDOUT, API)#
#2026 05 24 18:43:21.048#Z#DEBUG#3ea96a42-57a0-11f1-b455-eeee0a8493c0.field-task-cap-db-deployer#flowable-async-job-executor-thread-13174#
[PollExecuteTaskStatusExecution] 840ecb38-ed1b-4303-b079-0ce6533f7037 [2026-05-24T18:42:41.582378] Downloading nodejs_buildpack... (STDOUT, STG)#
#2026 05 24 18:43:21.048#Z#DEBUG#3ea96a42-57a0-11f1-b455-eeee0a8493c0.field-task-cap-db-deployer#flowable-async-job-executor-thread-13174#
[PollExecuteTaskStatusExecution] 840ecb38-ed1b-4303-b079-0ce6533f7037 [2026-05-24T18:42:41.628663] Downloaded nodejs_buildpack (STDOUT, STG)#
#2026 05 24 18:43:21.048#Z#DEBUG#3ea96a42-57a0-11f1-b455-eeee0a8493c0.field-task-cap-db-deployer#flowable-async-job-executor-thread-13174#
[PollExecuteTaskStatusExecution] 840ecb38-ed1b-4303-b079-0ce6533f7037 [2026-05-24T18:42:41.628773] Cell d1cc041a-d5a1-41d6-b9f6-6cda736ce3f0 creating container for instance 1b0ef58a-56ae-469e-acc9-cd3b880c08d1 (STDOUT, STG)#
#2026 05 24 18:43:21.048#Z#DEBUG#3ea96a42-57a0-11f1-b455-eeee0a8493c0.field-task-cap-db-deployer#flowable-async-job-executor-thread-13174#
[PollExecuteTaskStatusExecution] 840ecb38-ed1b-4303-b079-0ce6533f7037 [2026-05-24T18:42:42.479820] Security group rules were updated (STDOUT, STG)#
#2026 05 24 18:43:21.048#Z#DEBUG#3ea96a42-57a0-11f1-b455-eeee0a8493c0.field-task-cap-db-deployer#flowable-async-job-executor-thread-13174#
[PollExecuteTaskStatusExecution] 840ecb38-ed1b-4303-b079-0ce6533f7037 [2026-05-24T18:42:42.565126] Cell d1cc041a-d5a1-41d6-b9f6-6cda736ce3f0 successfully created container for instance 1b0ef58a-56ae-469e-acc9-cd3b880c08d1 (STDOUT, STG)#
#2026 05 24 18:43:21.048#Z#DEBUG#3ea96a42-57a0-11f1-b455-eeee0a8493c0.field-task-cap-db-deployer#flowable-async-job-executor-thread-13174#
[PollExecuteTaskStatusExecution] 840ecb38-ed1b-4303-b079-0ce6533f7037 [2026-05-24T18:42:43.226492] Downloading app package... (STDOUT, STG)#
#2026 05 24 18:43:21.048#Z#DEBUG#3ea96a42-57a0-11f1-b455-eeee0a8493c0.field-task-cap-db-deployer#flowable-async-job-executor-thread-13174#
[PollExecuteTaskStatusExecution] 840ecb38-ed1b-4303-b079-0ce6533f7037 [2026-05-24T18:42:43.564820] Downloaded app package (2.3M) (STDOUT, STG)#
#2026 05 24 18:43:21.048#Z#DEBUG#3ea96a42-57a0-11f1-b455-eeee0a8493c0.field-task-cap-db-deployer#flowable-async-job-executor-thread-13174#
[PollExecuteTaskStatusExecution] 840ecb38-ed1b-4303-b079-0ce6533f7037 [2026-05-24T18:42:43.689216] -----> Nodejs Buildpack version 1.8.44 (STDOUT, STG)#
#2026 05 24 18:43:21.049#Z#DEBUG#3ea96a42-57a0-11f1-b455-eeee0a8493c0.field-task-cap-db-deployer#flowable-async-job-executor-thread-13174#
[PollExecuteTaskStatusExecution] 840ecb38-ed1b-4303-b079-0ce6533f7037 [2026-05-24T18:42:43.854471] -----> Bootstrapping python (STDOUT, STG)#
#2026 05 24 18:43:21.049#Z#DEBUG#3ea96a42-57a0-11f1-b455-eeee0a8493c0.field-task-cap-db-deployer#flowable-async-job-executor-thread-13174#
[PollExecuteTaskStatusExecution] 840ecb38-ed1b-4303-b079-0ce6533f7037 [2026-05-24T18:42:43.854498] -----> Installing python 3.11.14 (STDOUT, STG)#
#2026 05 24 18:43:21.049#Z#DEBUG#3ea96a42-57a0-11f1-b455-eeee0a8493c0.field-task-cap-db-deployer#flowable-async-job-executor-thread-13174#
[PollExecuteTaskStatusExecution] 840ecb38-ed1b-4303-b079-0ce6533f7037 [2026-05-24T18:42:43.854518] Copy [/tmp/buildpacks/978cee5ec9c58000/dependencies/b5e0345ae0ae1932e7d56fffaa49a487/python_3.11.14_linux_x64_cflinuxfs4_66f53248.tgz] (STDOUT, STG)#
#2026 05 24 18:43:21.049#Z#DEBUG#3ea96a42-57a0-11f1-b455-eeee0a8493c0.field-task-cap-db-deployer#flowable-async-job-executor-thread-13174#
[PollExecuteTaskStatusExecution] 840ecb38-ed1b-4303-b079-0ce6533f7037 [2026-05-24T18:42:47.957836] -----> Installing binaries (STDOUT, STG)#
#2026 05 24 18:43:21.049#Z#DEBUG#3ea96a42-57a0-11f1-b455-eeee0a8493c0.field-task-cap-db-deployer#flowable-async-job-executor-thread-13174#
[PollExecuteTaskStatusExecution] 840ecb38-ed1b-4303-b079-0ce6533f7037 [2026-05-24T18:42:47.957951] engines.node (package.json): >=18 (STDOUT, STG)#
#2026 05 24 18:43:21.049#Z#DEBUG#3ea96a42-57a0-11f1-b455-eeee0a8493c0.field-task-cap-db-deployer#flowable-async-job-executor-thread-13174#
[PollExecuteTaskStatusExecution] 840ecb38-ed1b-4303-b079-0ce6533f7037 [2026-05-24T18:42:47.957964] engines.npm (package.json): unspecified (use default) (STDOUT, STG)#
#2026 05 24 18:43:21.049#Z#DEBUG#3ea96a42-57a0-11f1-b455-eeee0a8493c0.field-task-cap-db-deployer#flowable-async-job-executor-thread-13174#
[PollExecuteTaskStatusExecution] 840ecb38-ed1b-4303-b079-0ce6533f7037 [2026-05-24T18:42:47.957979] [31;1m**WARNING**[0m Dangerous semver range (>) in engines.node. See: http://docs.cloudfoundry.org/buildpacks/node/node-tips.html (STDOUT, STG)#
#2026 05 24 18:43:21.049#Z#DEBUG#3ea96a42-57a0-11f1-b455-eeee0a8493c0.field-task-cap-db-deployer#flowable-async-job-executor-thread-13174#
[PollExecuteTaskStatusExecution] 840ecb38-ed1b-4303-b079-0ce6533f7037 [2026-05-24T18:42:47.958100] -----> Installing node 24.13.0 (STDOUT, STG)#
#2026 05 24 18:43:21.049#Z#DEBUG#3ea96a42-57a0-11f1-b455-eeee0a8493c0.field-task-cap-db-deployer#flowable-async-job-executor-thread-13174#
[PollExecuteTaskStatusExecution] 840ecb38-ed1b-4303-b079-0ce6533f7037 [2026-05-24T18:42:47.958249] Copy [/tmp/buildpacks/978cee5ec9c58000/dependencies/2f5692219fecc3eee6e6d507a6bfe7b9/node_24.13.0_linux_x64_cflinuxfs4_a816dee1.tgz] (STDOUT, STG)#
#2026 05 24 18:43:21.049#Z#DEBUG#3ea96a42-57a0-11f1-b455-eeee0a8493c0.field-task-cap-db-deployer#flowable-async-job-executor-thread-13174#
[PollExecuteTaskStatusExecution] 840ecb38-ed1b-4303-b079-0ce6533f7037 [2026-05-24T18:42:50.574922] Using default npm version: 11.6.2 (STDOUT, STG)#
#2026 05 24 18:43:21.049#Z#DEBUG#3ea96a42-57a0-11f1-b455-eeee0a8493c0.field-task-cap-db-deployer#flowable-async-job-executor-thread-13174#
[PollExecuteTaskStatusExecution] 840ecb38-ed1b-4303-b079-0ce6533f7037 [2026-05-24T18:42:50.574949] -----> Installing yarn 1.22.22 (STDOUT, STG)#
#2026 05 24 18:43:21.049#Z#DEBUG#3ea96a42-57a0-11f1-b455-eeee0a8493c0.field-task-cap-db-deployer#flowable-async-job-executor-thread-13174#
[PollExecuteTaskStatusExecution] 840ecb38-ed1b-4303-b079-0ce6533f7037 [2026-05-24T18:42:50.575022] Copy [/tmp/buildpacks/978cee5ec9c58000/dependencies/e3a39aedd1236924d69cc2d0637a8ed2/yarn_1.22.22_linux_noarch_any-stack_4911d0a6.tgz] (STDOUT, STG)#
#2026 05 24 18:43:21.049#Z#DEBUG#3ea96a42-57a0-11f1-b455-eeee0a8493c0.field-task-cap-db-deployer#flowable-async-job-executor-thread-13174#
[PollExecuteTaskStatusExecution] 840ecb38-ed1b-4303-b079-0ce6533f7037 [2026-05-24T18:42:50.927187] Installed yarn 1.22.22 (STDOUT, STG)#
#2026 05 24 18:43:21.049#Z#DEBUG#3ea96a42-57a0-11f1-b455-eeee0a8493c0.field-task-cap-db-deployer#flowable-async-job-executor-thread-13174#
[PollExecuteTaskStatusExecution] 840ecb38-ed1b-4303-b079-0ce6533f7037 [2026-05-24T18:42:50.927225] -----> Creating runtime environment (STDOUT, STG)#
#2026 05 24 18:43:21.049#Z#DEBUG#3ea96a42-57a0-11f1-b455-eeee0a8493c0.field-task-cap-db-deployer#flowable-async-job-executor-thread-13174#
[PollExecuteTaskStatusExecution] 840ecb38-ed1b-4303-b079-0ce6533f7037 [2026-05-24T18:42:50.929049] NODE_ENV=production (STDOUT, STG)#
#2026 05 24 18:43:21.049#Z#DEBUG#3ea96a42-57a0-11f1-b455-eeee0a8493c0.field-task-cap-db-deployer#flowable-async-job-executor-thread-13174#
[PollExecuteTaskStatusExecution] 840ecb38-ed1b-4303-b079-0ce6533f7037 [2026-05-24T18:42:50.929069] NODE_HOME=/tmp/contents3899549096/deps/0/node (STDOUT, STG)#
#2026 05 24 18:43:21.049#Z#DEBUG#3ea96a42-57a0-11f1-b455-eeee0a8493c0.field-task-cap-db-deployer#flowable-async-job-executor-thread-13174#
[PollExecuteTaskStatusExecution] 840ecb38-ed1b-4303-b079-0ce6533f7037 [2026-05-24T18:42:50.929075] NODE_MODULES_CACHE=true (STDOUT, STG)#
#2026 05 24 18:43:21.049#Z#DEBUG#3ea96a42-57a0-11f1-b455-eeee0a8493c0.field-task-cap-db-deployer#flowable-async-job-executor-thread-13174#
[PollExecuteTaskStatusExecution] 840ecb38-ed1b-4303-b079-0ce6533f7037 [2026-05-24T18:42:50.929077] NODE_VERBOSE=false (STDOUT, STG)#
#2026 05 24 18:43:21.049#Z#DEBUG#3ea96a42-57a0-11f1-b455-eeee0a8493c0.field-task-cap-db-deployer#flowable-async-job-executor-thread-13174#
[PollExecuteTaskStatusExecution] 840ecb38-ed1b-4303-b079-0ce6533f7037 [2026-05-24T18:42:50.929079] NPM_CONFIG_LOGLEVEL=error (STDOUT, STG)#
#2026 05 24 18:43:21.049#Z#DEBUG#3ea96a42-57a0-11f1-b455-eeee0a8493c0.field-task-cap-db-deployer#flowable-async-job-executor-thread-13174#
[PollExecuteTaskStatusExecution] 840ecb38-ed1b-4303-b079-0ce6533f7037 [2026-05-24T18:42:50.929083] NPM_CONFIG_PRODUCTION=true (STDOUT, STG)#
#2026 05 24 18:43:21.049#Z#DEBUG#3ea96a42-57a0-11f1-b455-eeee0a8493c0.field-task-cap-db-deployer#flowable-async-job-executor-thread-13174#
[PollExecuteTaskStatusExecution] 840ecb38-ed1b-4303-b079-0ce6533f7037 [2026-05-24T18:42:50.929102] -----> Building dependencies (STDOUT, STG)#
#2026 05 24 18:43:21.049#Z#DEBUG#3ea96a42-57a0-11f1-b455-eeee0a8493c0.field-task-cap-db-deployer#flowable-async-job-executor-thread-13174#
[PollExecuteTaskStatusExecution] 840ecb38-ed1b-4303-b079-0ce6533f7037 [2026-05-24T18:42:50.929123] Prebuild detected (node_modules already exists) (STDOUT, STG)#
#2026 05 24 18:43:21.049#Z#DEBUG#3ea96a42-57a0-11f1-b455-eeee0a8493c0.field-task-cap-db-deployer#flowable-async-job-executor-thread-13174#
[PollExecuteTaskStatusExecution] 840ecb38-ed1b-4303-b079-0ce6533f7037 [2026-05-24T18:42:50.929132] Rebuilding any native modules (STDOUT, STG)#
#2026 05 24 18:43:21.049#Z#DEBUG#3ea96a42-57a0-11f1-b455-eeee0a8493c0.field-task-cap-db-deployer#flowable-async-job-executor-thread-13174#
[PollExecuteTaskStatusExecution] 840ecb38-ed1b-4303-b079-0ce6533f7037 [2026-05-24T18:42:51.531068] rebuilt dependencies successfully (STDOUT, STG)#
#2026 05 24 18:43:21.049#Z#DEBUG#3ea96a42-57a0-11f1-b455-eeee0a8493c0.field-task-cap-db-deployer#flowable-async-job-executor-thread-13174#
[PollExecuteTaskStatusExecution] 840ecb38-ed1b-4303-b079-0ce6533f7037 [2026-05-24T18:42:51.607521] Installing any new modules (package.json + package-lock.json) (STDOUT, STG)#
#2026 05 24 18:43:21.049#Z#DEBUG#3ea96a42-57a0-11f1-b455-eeee0a8493c0.field-task-cap-db-deployer#flowable-async-job-executor-thread-13174#
[PollExecuteTaskStatusExecution] 840ecb38-ed1b-4303-b079-0ce6533f7037 [2026-05-24T18:42:52.108345] up to date in 410ms (STDOUT, STG)#
#2026 05 24 18:43:21.049#Z#DEBUG#3ea96a42-57a0-11f1-b455-eeee0a8493c0.field-task-cap-db-deployer#flowable-async-job-executor-thread-13174#
[PollExecuteTaskStatusExecution] 840ecb38-ed1b-4303-b079-0ce6533f7037 [2026-05-24T18:42:52.108539] 4 packages are looking for funding (STDOUT, STG)#
#2026 05 24 18:43:21.049#Z#DEBUG#3ea96a42-57a0-11f1-b455-eeee0a8493c0.field-task-cap-db-deployer#flowable-async-job-executor-thread-13174#
[PollExecuteTaskStatusExecution] 840ecb38-ed1b-4303-b079-0ce6533f7037 [2026-05-24T18:42:52.108635] run `npm fund` for details (STDOUT, STG)#
#2026 05 24 18:43:21.049#Z#DEBUG#3ea96a42-57a0-11f1-b455-eeee0a8493c0.field-task-cap-db-deployer#flowable-async-job-executor-thread-13174#
[PollExecuteTaskStatusExecution] 840ecb38-ed1b-4303-b079-0ce6533f7037 [2026-05-24T18:42:52.848194] Contrast Security no credentials found. Will not write environment files. (STDOUT, STG)#
#2026 05 24 18:43:21.049#Z#DEBUG#3ea96a42-57a0-11f1-b455-eeee0a8493c0.field-task-cap-db-deployer#flowable-async-job-executor-thread-13174#
[PollExecuteTaskStatusExecution] 840ecb38-ed1b-4303-b079-0ce6533f7037 [2026-05-24T18:43:02.268558] Exit status 0 (STDOUT, STG)#
#2026 05 24 18:43:21.049#Z#DEBUG#3ea96a42-57a0-11f1-b455-eeee0a8493c0.field-task-cap-db-deployer#flowable-async-job-executor-thread-13174#
[PollExecuteTaskStatusExecution] 840ecb38-ed1b-4303-b079-0ce6533f7037 [2026-05-24T18:43:02.268622] Uploading droplet, build artifacts cache... (STDOUT, STG)#
#2026 05 24 18:43:21.049#Z#DEBUG#3ea96a42-57a0-11f1-b455-eeee0a8493c0.field-task-cap-db-deployer#flowable-async-job-executor-thread-13174#
[PollExecuteTaskStatusExecution] 840ecb38-ed1b-4303-b079-0ce6533f7037 [2026-05-24T18:43:02.268663] Uploading droplet... (STDOUT, STG)#
#2026 05 24 18:43:21.049#Z#DEBUG#3ea96a42-57a0-11f1-b455-eeee0a8493c0.field-task-cap-db-deployer#flowable-async-job-executor-thread-13174#
[PollExecuteTaskStatusExecution] 840ecb38-ed1b-4303-b079-0ce6533f7037 [2026-05-24T18:43:02.269031] Uploading build artifacts cache... (STDOUT, STG)#
#2026 05 24 18:43:21.049#Z#DEBUG#3ea96a42-57a0-11f1-b455-eeee0a8493c0.field-task-cap-db-deployer#flowable-async-job-executor-thread-13174#
[PollExecuteTaskStatusExecution] 840ecb38-ed1b-4303-b079-0ce6533f7037 [2026-05-24T18:43:02.304899] Uploaded build artifacts cache (219B) (STDOUT, STG)#
#2026 05 24 18:43:21.049#Z#DEBUG#3ea96a42-57a0-11f1-b455-eeee0a8493c0.field-task-cap-db-deployer#flowable-async-job-executor-thread-13174#
[PollExecuteTaskStatusExecution] 840ecb38-ed1b-4303-b079-0ce6533f7037 [2026-05-24T18:43:03.066792] Creating droplet for app with guid 840ecb38-ed1b-4303-b079-0ce6533f7037 (STDOUT, API)#
#2026 05 24 18:43:21.049#Z#DEBUG#3ea96a42-57a0-11f1-b455-eeee0a8493c0.field-task-cap-db-deployer#flowable-async-job-executor-thread-13174#
[PollExecuteTaskStatusExecution] 840ecb38-ed1b-4303-b079-0ce6533f7037 [2026-05-24T18:43:05.133380] Uploaded droplet (58.4M) (STDOUT, STG)#
#2026 05 24 18:43:21.049#Z#DEBUG#3ea96a42-57a0-11f1-b455-eeee0a8493c0.field-task-cap-db-deployer#flowable-async-job-executor-thread-13174#
[PollExecuteTaskStatusExecution] 840ecb38-ed1b-4303-b079-0ce6533f7037 [2026-05-24T18:43:05.159778] Uploading complete (STDOUT, STG)#
#2026 05 24 18:43:21.049#Z#DEBUG#3ea96a42-57a0-11f1-b455-eeee0a8493c0.field-task-cap-db-deployer#flowable-async-job-executor-thread-13174#
[PollExecuteTaskStatusExecution] 840ecb38-ed1b-4303-b079-0ce6533f7037 [2026-05-24T18:43:07.084916] Cell d1cc041a-d5a1-41d6-b9f6-6cda736ce3f0 stopping instance 1b0ef58a-56ae-469e-acc9-cd3b880c08d1 (STDOUT, STG)#
#2026 05 24 18:43:21.049#Z#DEBUG#3ea96a42-57a0-11f1-b455-eeee0a8493c0.field-task-cap-db-deployer#flowable-async-job-executor-thread-13174#
[PollExecuteTaskStatusExecution] 840ecb38-ed1b-4303-b079-0ce6533f7037 [2026-05-24T18:43:07.084979] Cell d1cc041a-d5a1-41d6-b9f6-6cda736ce3f0 destroying container for instance 1b0ef58a-56ae-469e-acc9-cd3b880c08d1 (STDOUT, STG)#
#2026 05 24 18:43:21.049#Z#DEBUG#3ea96a42-57a0-11f1-b455-eeee0a8493c0.field-task-cap-db-deployer#flowable-async-job-executor-thread-13174#
[PollExecuteTaskStatusExecution] 840ecb38-ed1b-4303-b079-0ce6533f7037 [2026-05-24T18:43:07.136122] Staging complete for build 1b0ef58a-56ae-469e-acc9-cd3b880c08d1 (STDOUT, API)#
#2026 05 24 18:43:21.049#Z#DEBUG#3ea96a42-57a0-11f1-b455-eeee0a8493c0.field-task-cap-db-deployer#flowable-async-job-executor-thread-13174#
[PollExecuteTaskStatusExecution] 840ecb38-ed1b-4303-b079-0ce6533f7037 [2026-05-24T18:43:10.457196] Cell d1cc041a-d5a1-41d6-b9f6-6cda736ce3f0 successfully destroyed container for instance 1b0ef58a-56ae-469e-acc9-cd3b880c08d1 (STDOUT, STG)#
#2026 05 24 18:43:21.049#Z#DEBUG#3ea96a42-57a0-11f1-b455-eeee0a8493c0.field-task-cap-db-deployer#flowable-async-job-executor-thread-13174#
[PollExecuteTaskStatusExecution] 840ecb38-ed1b-4303-b079-0ce6533f7037 [2026-05-24T18:43:11.090561] Updated app with guid 840ecb38-ed1b-4303-b079-0ce6533f7037 ({:droplet_guid=>"f6b52328-9d64-44fe-95dc-b241d2fbebe3"}) (STDOUT, API)#
#2026 05 24 18:43:21.049#Z#DEBUG#3ea96a42-57a0-11f1-b455-eeee0a8493c0.field-task-cap-db-deployer#flowable-async-job-executor-thread-13174#
[PollExecuteTaskStatusExecution] 840ecb38-ed1b-4303-b079-0ce6533f7037 [2026-05-24T18:43:11.774179] Cell d1cc041a-d5a1-41d6-b9f6-6cda736ce3f0 creating container for instance d5664347-3f81-4c70-955d-e26e48640d04 (STDOUT, CELL)#
#2026 05 24 18:43:21.049#Z#DEBUG#3ea96a42-57a0-11f1-b455-eeee0a8493c0.field-task-cap-db-deployer#flowable-async-job-executor-thread-13174#
[PollExecuteTaskStatusExecution] 840ecb38-ed1b-4303-b079-0ce6533f7037 [2026-05-24T18:43:12.567570] Security group rules were updated (STDOUT, CELL)#
#2026 05 24 18:43:21.049#Z#DEBUG#3ea96a42-57a0-11f1-b455-eeee0a8493c0.field-task-cap-db-deployer#flowable-async-job-executor-thread-13174#
[PollExecuteTaskStatusExecution] 840ecb38-ed1b-4303-b079-0ce6533f7037 [2026-05-24T18:43:12.667061] Cell d1cc041a-d5a1-41d6-b9f6-6cda736ce3f0 successfully created container for instance d5664347-3f81-4c70-955d-e26e48640d04 (STDOUT, CELL)#
#2026 05 24 18:43:21.049#Z#DEBUG#3ea96a42-57a0-11f1-b455-eeee0a8493c0.field-task-cap-db-deployer#flowable-async-job-executor-thread-13174#
[PollExecuteTaskStatusExecution] 840ecb38-ed1b-4303-b079-0ce6533f7037 [2026-05-24T18:43:17.836660] Invoking pre-start scripts. (STDOUT, APP/TASK/deploy)#
#2026 05 24 18:43:21.049#Z#DEBUG#3ea96a42-57a0-11f1-b455-eeee0a8493c0.field-task-cap-db-deployer#flowable-async-job-executor-thread-13174#
[PollExecuteTaskStatusExecution] 840ecb38-ed1b-4303-b079-0ce6533f7037 [2026-05-24T18:43:18.037689] Invoking start command. (STDOUT, APP/TASK/deploy)#
#2026 05 24 18:43:21.049#Z#DEBUG#3ea96a42-57a0-11f1-b455-eeee0a8493c0.field-task-cap-db-deployer#flowable-async-job-executor-thread-13174#
[PollExecuteTaskStatusExecution] 840ecb38-ed1b-4303-b079-0ce6533f7037 [2026-05-24T18:43:18.530464] > start (STDOUT, APP/TASK/deploy)#
#2026 05 24 18:43:21.049#Z#DEBUG#3ea96a42-57a0-11f1-b455-eeee0a8493c0.field-task-cap-db-deployer#flowable-async-job-executor-thread-13174#
[PollExecuteTaskStatusExecution] 840ecb38-ed1b-4303-b079-0ce6533f7037 [2026-05-24T18:43:18.530491] > node node_modules/@sap/hdi-deploy/deploy.js --use-hdb --parameter com.sap.hana.di.table/try_fast_table_migration=true (STDOUT, APP/TASK/deploy)#
#2026 05 24 18:43:21.049#Z#DEBUG#3ea96a42-57a0-11f1-b455-eeee0a8493c0.field-task-cap-db-deployer#flowable-async-job-executor-thread-13174#
[PollExecuteTaskStatusExecution] 840ecb38-ed1b-4303-b079-0ce6533f7037 [2026-05-24T18:43:18.681813] VCAP_SERVICES: (STDOUT, APP/TASK/deploy)#
#2026 05 24 18:43:21.049#Z#DEBUG#3ea96a42-57a0-11f1-b455-eeee0a8493c0.field-task-cap-db-deployer#flowable-async-job-executor-thread-13174#
[PollExecuteTaskStatusExecution] 840ecb38-ed1b-4303-b079-0ce6533f7037 [2026-05-24T18:43:18.681943] { (STDOUT, APP/TASK/deploy)#
#2026 05 24 18:43:21.049#Z#DEBUG#3ea96a42-57a0-11f1-b455-eeee0a8493c0.field-task-cap-db-deployer#flowable-async-job-executor-thread-13174#
[PollExecuteTaskStatusExecution] 840ecb38-ed1b-4303-b079-0ce6533f7037 [2026-05-24T18:43:18.681958] "hana": [ (STDOUT, APP/TASK/deploy)#
#2026 05 24 18:43:21.049#Z#DEBUG#3ea96a42-57a0-11f1-b455-eeee0a8493c0.field-task-cap-db-deployer#flowable-async-job-executor-thread-13174#
[PollExecuteTaskStatusExecution] 840ecb38-ed1b-4303-b079-0ce6533f7037 [2026-05-24T18:43:18.681963] { (STDOUT, APP/TASK/deploy)#
#2026 05 24 18:43:21.049#Z#DEBUG#3ea96a42-57a0-11f1-b455-eeee0a8493c0.field-task-cap-db-deployer#flowable-async-job-executor-thread-13174#
[PollExecuteTaskStatusExecution] 840ecb38-ed1b-4303-b079-0ce6533f7037 [2026-05-24T18:43:18.681971] "name": "field-task-cap-db", (STDOUT, APP/TASK/deploy)#
#2026 05 24 18:43:21.049#Z#DEBUG#3ea96a42-57a0-11f1-b455-eeee0a8493c0.field-task-cap-db-deployer#flowable-async-job-executor-thread-13174#
[PollExecuteTaskStatusExecution] 840ecb38-ed1b-4303-b079-0ce6533f7037 [2026-05-24T18:43:18.681973] "label": "hana", (STDOUT, APP/TASK/deploy)#
#2026 05 24 18:43:21.049#Z#DEBUG#3ea96a42-57a0-11f1-b455-eeee0a8493c0.field-task-cap-db-deployer#flowable-async-job-executor-thread-13174#
[PollExecuteTaskStatusExecution] 840ecb38-ed1b-4303-b079-0ce6533f7037 [2026-05-24T18:43:18.681977] "plan": "hdi-shared", (STDOUT, APP/TASK/deploy)#
#2026 05 24 18:43:21.049#Z#DEBUG#3ea96a42-57a0-11f1-b455-eeee0a8493c0.field-task-cap-db-deployer#flowable-async-job-executor-thread-13174#
[PollExecuteTaskStatusExecution] 840ecb38-ed1b-4303-b079-0ce6533f7037 [2026-05-24T18:43:18.681979] "credentials": { (STDOUT, APP/TASK/deploy)#
#2026 05 24 18:43:21.049#Z#DEBUG#3ea96a42-57a0-11f1-b455-eeee0a8493c0.field-task-cap-db-deployer#flowable-async-job-executor-thread-13174#
[PollExecuteTaskStatusExecution] 840ecb38-ed1b-4303-b079-0ce6533f7037 [2026-05-24T18:43:18.681983] "schema": "FB0B8281EC704BE6803F7CA795D2E5F9", (STDOUT, APP/TASK/deploy)#
#2026 05 24 18:43:21.049#Z#DEBUG#3ea96a42-57a0-11f1-b455-eeee0a8493c0.field-task-cap-db-deployer#flowable-async-job-executor-thread-13174#
[PollExecuteTaskStatusExecution] 840ecb38-ed1b-4303-b079-0ce6533f7037 [2026-05-24T18:43:18.681986] "database_id": "cce80a2f-4f4f-4028-b914-ca6f5fb4d213", (STDOUT, APP/TASK/deploy)#
#2026 05 24 18:43:21.049#Z#DEBUG#3ea96a42-57a0-11f1-b455-eeee0a8493c0.field-task-cap-db-deployer#flowable-async-job-executor-thread-13174#
[PollExecuteTaskStatusExecution] 840ecb38-ed1b-4303-b079-0ce6533f7037 [2026-05-24T18:43:18.681989] "user": "FB0B8281EC704BE6803F7CA795D2E5F9_DD9UXYS1S26DJJYHQ195MVKBZ_RT", (STDOUT, APP/TASK/deploy)#
#2026 05 24 18:43:21.049#Z#DEBUG#3ea96a42-57a0-11f1-b455-eeee0a8493c0.field-task-cap-db-deployer#flowable-async-job-executor-thread-13174#
[PollExecuteTaskStatusExecution] 840ecb38-ed1b-4303-b079-0ce6533f7037 [2026-05-24T18:43:18.681996] "hdi_user": "FB0B8281EC704BE6803F7CA795D2E5F9_DD9UXYS1S26DJJYHQ195MVKBZ_DT" (STDOUT, APP/TASK/deploy)#
#2026 05 24 18:43:21.049#Z#DEBUG#3ea96a42-57a0-11f1-b455-eeee0a8493c0.field-task-cap-db-deployer#flowable-async-job-executor-thread-13174#
[PollExecuteTaskStatusExecution] 840ecb38-ed1b-4303-b079-0ce6533f7037 [2026-05-24T18:43:18.681998] }, (STDOUT, APP/TASK/deploy)#
#2026 05 24 18:43:21.049#Z#DEBUG#3ea96a42-57a0-11f1-b455-eeee0a8493c0.field-task-cap-db-deployer#flowable-async-job-executor-thread-13174#
[PollExecuteTaskStatusExecution] 840ecb38-ed1b-4303-b079-0ce6533f7037 [2026-05-24T18:43:18.682001] "tags": [ (STDOUT, APP/TASK/deploy)#
#2026 05 24 18:43:21.049#Z#DEBUG#3ea96a42-57a0-11f1-b455-eeee0a8493c0.field-task-cap-db-deployer#flowable-async-job-executor-thread-13174#
[PollExecuteTaskStatusExecution] 840ecb38-ed1b-4303-b079-0ce6533f7037 [2026-05-24T18:43:18.682003] "hana", (STDOUT, APP/TASK/deploy)#
#2026 05 24 18:43:21.049#Z#DEBUG#3ea96a42-57a0-11f1-b455-eeee0a8493c0.field-task-cap-db-deployer#flowable-async-job-executor-thread-13174#
[PollExecuteTaskStatusExecution] 840ecb38-ed1b-4303-b079-0ce6533f7037 [2026-05-24T18:43:18.682008] "database", (STDOUT, APP/TASK/deploy)#
#2026 05 24 18:43:21.049#Z#DEBUG#3ea96a42-57a0-11f1-b455-eeee0a8493c0.field-task-cap-db-deployer#flowable-async-job-executor-thread-13174#
[PollExecuteTaskStatusExecution] 840ecb38-ed1b-4303-b079-0ce6533f7037 [2026-05-24T18:43:18.682010] "relational" (STDOUT, APP/TASK/deploy)#
#2026 05 24 18:43:21.049#Z#DEBUG#3ea96a42-57a0-11f1-b455-eeee0a8493c0.field-task-cap-db-deployer#flowable-async-job-executor-thread-13174#
[PollExecuteTaskStatusExecution] 840ecb38-ed1b-4303-b079-0ce6533f7037 [2026-05-24T18:43:18.682012] ] (STDOUT, APP/TASK/deploy)#
#2026 05 24 18:43:21.049#Z#DEBUG#3ea96a42-57a0-11f1-b455-eeee0a8493c0.field-task-cap-db-deployer#flowable-async-job-executor-thread-13174#
[PollExecuteTaskStatusExecution] 840ecb38-ed1b-4303-b079-0ce6533f7037 [2026-05-24T18:43:18.682014] } (STDOUT, APP/TASK/deploy)#
#2026 05 24 18:43:21.049#Z#DEBUG#3ea96a42-57a0-11f1-b455-eeee0a8493c0.field-task-cap-db-deployer#flowable-async-job-executor-thread-13174#
[PollExecuteTaskStatusExecution] 840ecb38-ed1b-4303-b079-0ce6533f7037 [2026-05-24T18:43:18.682016] ] (STDOUT, APP/TASK/deploy)#
#2026 05 24 18:43:21.049#Z#DEBUG#3ea96a42-57a0-11f1-b455-eeee0a8493c0.field-task-cap-db-deployer#flowable-async-job-executor-thread-13174#
[PollExecuteTaskStatusExecution] 840ecb38-ed1b-4303-b079-0ce6533f7037 [2026-05-24T18:43:18.682018] } (STDOUT, APP/TASK/deploy)#
#2026 05 24 18:43:21.049#Z#DEBUG#3ea96a42-57a0-11f1-b455-eeee0a8493c0.field-task-cap-db-deployer#flowable-async-job-executor-thread-13174#
[PollExecuteTaskStatusExecution] 840ecb38-ed1b-4303-b079-0ce6533f7037 [2026-05-24T18:43:19.178961] @sap/hdi-deploy, version 5.6.1 (mode default), server version 4.00.000.00.1778573239 (4.0.0.0), cloud version 2026.2.14, node version 24.13.0, HDI version 1016, container API version 1007 (STDOUT, APP/TASK/deploy)#
#2026 05 24 18:43:21.049#Z#DEBUG#3ea96a42-57a0-11f1-b455-eeee0a8493c0.field-task-cap-db-deployer#flowable-async-job-executor-thread-13174#
[PollExecuteTaskStatusExecution] 840ecb38-ed1b-4303-b079-0ce6533f7037 [2026-05-24T18:43:19.179203] Deployment started at 2026-05-24 18:43:19 (STDOUT, APP/TASK/deploy)#
#2026 05 24 18:43:21.049#Z#DEBUG#3ea96a42-57a0-11f1-b455-eeee0a8493c0.field-task-cap-db-deployer#flowable-async-job-executor-thread-13174#
[PollExecuteTaskStatusExecution] 840ecb38-ed1b-4303-b079-0ce6533f7037 [2026-05-24T18:43:19.179382] Using hdb@2.27.1 for connection (STDOUT, APP/TASK/deploy)#
#2026 05 24 18:43:21.049#Z#DEBUG#3ea96a42-57a0-11f1-b455-eeee0a8493c0.field-task-cap-db-deployer#flowable-async-job-executor-thread-13174#
[PollExecuteTaskStatusExecution] 840ecb38-ed1b-4303-b079-0ce6533f7037 [2026-05-24T18:43:19.199297] No ignore file at /home/vcap/app/.hdiignore. (STDOUT, APP/TASK/deploy)#
#2026 05 24 18:43:21.049#Z#DEBUG#3ea96a42-57a0-11f1-b455-eeee0a8493c0.field-task-cap-db-deployer#flowable-async-job-executor-thread-13174#
[PollExecuteTaskStatusExecution] 840ecb38-ed1b-4303-b079-0ce6533f7037 [2026-05-24T18:43:19.199533] Collecting files... (STDOUT, APP/TASK/deploy)#
#2026 05 24 18:43:21.049#Z#DEBUG#3ea96a42-57a0-11f1-b455-eeee0a8493c0.field-task-cap-db-deployer#flowable-async-job-executor-thread-13174#
[PollExecuteTaskStatusExecution] 840ecb38-ed1b-4303-b079-0ce6533f7037 [2026-05-24T18:43:19.202224] Collecting files... ok (0s 3ms) (STDOUT, APP/TASK/deploy)#
#2026 05 24 18:43:21.049#Z#DEBUG#3ea96a42-57a0-11f1-b455-eeee0a8493c0.field-task-cap-db-deployer#flowable-async-job-executor-thread-13174#
[PollExecuteTaskStatusExecution] 840ecb38-ed1b-4303-b079-0ce6533f7037 [2026-05-24T18:43:19.202238] 2 directories collected (STDOUT, APP/TASK/deploy)#
#2026 05 24 18:43:21.049#Z#DEBUG#3ea96a42-57a0-11f1-b455-eeee0a8493c0.field-task-cap-db-deployer#flowable-async-job-executor-thread-13174#
[PollExecuteTaskStatusExecution] 840ecb38-ed1b-4303-b079-0ce6533f7037 [2026-05-24T18:43:19.202298] 5 files collected (STDOUT, APP/TASK/deploy)#
#2026 05 24 18:43:21.049#Z#DEBUG#3ea96a42-57a0-11f1-b455-eeee0a8493c0.field-task-cap-db-deployer#flowable-async-job-executor-thread-13174#
[PollExecuteTaskStatusExecution] 840ecb38-ed1b-4303-b079-0ce6533f7037 [2026-05-24T18:43:19.202385] 0 reusable modules collected (STDOUT, APP/TASK/deploy)#
#2026 05 24 18:43:21.049#Z#DEBUG#3ea96a42-57a0-11f1-b455-eeee0a8493c0.field-task-cap-db-deployer#flowable-async-job-executor-thread-13174#
[PollExecuteTaskStatusExecution] 840ecb38-ed1b-4303-b079-0ce6533f7037 [2026-05-24T18:43:19.202451] Target service: field-task-cap-db (STDOUT, APP/TASK/deploy)#
#2026 05 24 18:43:21.049#Z#DEBUG#3ea96a42-57a0-11f1-b455-eeee0a8493c0.field-task-cap-db-deployer#flowable-async-job-executor-thread-13174#
[PollExecuteTaskStatusExecution] 840ecb38-ed1b-4303-b079-0ce6533f7037 [2026-05-24T18:43:19.407641] Could not determine status of last build: Could not find any information about the previous deployment. (STDOUT, APP/TASK/deploy)#
#2026 05 24 18:43:21.049#Z#DEBUG#3ea96a42-57a0-11f1-b455-eeee0a8493c0.field-task-cap-db-deployer#flowable-async-job-executor-thread-13174#
[PollExecuteTaskStatusExecution] 840ecb38-ed1b-4303-b079-0ce6533f7037 [2026-05-24T18:43:19.407803] Processing revoke files... (STDOUT, APP/TASK/deploy)#
#2026 05 24 18:43:21.049#Z#DEBUG#3ea96a42-57a0-11f1-b455-eeee0a8493c0.field-task-cap-db-deployer#flowable-async-job-executor-thread-13174#
[PollExecuteTaskStatusExecution] 840ecb38-ed1b-4303-b079-0ce6533f7037 [2026-05-24T18:43:19.407824] Processing revoke files... ok (0s 0ms) (STDOUT, APP/TASK/deploy)#
#2026 05 24 18:43:21.049#Z#DEBUG#3ea96a42-57a0-11f1-b455-eeee0a8493c0.field-task-cap-db-deployer#flowable-async-job-executor-thread-13174#
[PollExecuteTaskStatusExecution] 840ecb38-ed1b-4303-b079-0ce6533f7037 [2026-05-24T18:43:19.407924] Processing grants files... (STDOUT, APP/TASK/deploy)#
#2026 05 24 18:43:21.049#Z#DEBUG#3ea96a42-57a0-11f1-b455-eeee0a8493c0.field-task-cap-db-deployer#flowable-async-job-executor-thread-13174#
[PollExecuteTaskStatusExecution] 840ecb38-ed1b-4303-b079-0ce6533f7037 [2026-05-24T18:43:19.407965] Processing grants files... ok (0s 0ms) (STDOUT, APP/TASK/deploy)#
#2026 05 24 18:43:21.049#Z#DEBUG#3ea96a42-57a0-11f1-b455-eeee0a8493c0.field-task-cap-db-deployer#flowable-async-job-executor-thread-13174#
[PollExecuteTaskStatusExecution] 840ecb38-ed1b-4303-b079-0ce6533f7037 [2026-05-24T18:43:19.410275] Preprocessing files... (STDOUT, APP/TASK/deploy)#
#2026 05 24 18:43:21.049#Z#DEBUG#3ea96a42-57a0-11f1-b455-eeee0a8493c0.field-task-cap-db-deployer#flowable-async-job-executor-thread-13174#
[PollExecuteTaskStatusExecution] 840ecb38-ed1b-4303-b079-0ce6533f7037 [2026-05-24T18:43:19.410502] Preprocessing files... ok (0s 0ms) (STDOUT, APP/TASK/deploy)#
#2026 05 24 18:43:21.049#Z#DEBUG#3ea96a42-57a0-11f1-b455-eeee0a8493c0.field-task-cap-db-deployer#flowable-async-job-executor-thread-13174#
[PollExecuteTaskStatusExecution] 840ecb38-ed1b-4303-b079-0ce6533f7037 [2026-05-24T18:43:19.410638] Connecting to the container "FB0B8281EC704BE6803F7CA795D2E5F9"... (STDOUT, APP/TASK/deploy)#
#2026 05 24 18:43:21.049#Z#DEBUG#3ea96a42-57a0-11f1-b455-eeee0a8493c0.field-task-cap-db-deployer#flowable-async-job-executor-thread-13174#
[PollExecuteTaskStatusExecution] 840ecb38-ed1b-4303-b079-0ce6533f7037 [2026-05-24T18:43:19.481617] Connecting to the container "FB0B8281EC704BE6803F7CA795D2E5F9"... ok (0s 71ms) (STDOUT, APP/TASK/deploy)#
#2026 05 24 18:43:21.049#Z#DEBUG#3ea96a42-57a0-11f1-b455-eeee0a8493c0.field-task-cap-db-deployer#flowable-async-job-executor-thread-13174#
[PollExecuteTaskStatusExecution] 840ecb38-ed1b-4303-b079-0ce6533f7037 [2026-05-24T18:43:19.481648] Locking the container "FB0B8281EC704BE6803F7CA795D2E5F9"... (STDOUT, APP/TASK/deploy)#
#2026 05 24 18:43:21.049#Z#DEBUG#3ea96a42-57a0-11f1-b455-eeee0a8493c0.field-task-cap-db-deployer#flowable-async-job-executor-thread-13174#
[PollExecuteTaskStatusExecution] 840ecb38-ed1b-4303-b079-0ce6533f7037 [2026-05-24T18:43:19.708791] Locking the container "FB0B8281EC704BE6803F7CA795D2E5F9"... ok (0s 227ms) (STDOUT, APP/TASK/deploy)#
#2026 05 24 18:43:21.049#Z#DEBUG#3ea96a42-57a0-11f1-b455-eeee0a8493c0.field-task-cap-db-deployer#flowable-async-job-executor-thread-13174#
[PollExecuteTaskStatusExecution] 840ecb38-ed1b-4303-b079-0ce6533f7037 [2026-05-24T18:43:19.708963] Synchronizing files with the container "FB0B8281EC704BE6803F7CA795D2E5F9"... (STDOUT, APP/TASK/deploy)#
#2026 05 24 18:43:21.049#Z#DEBUG#3ea96a42-57a0-11f1-b455-eeee0a8493c0.field-task-cap-db-deployer#flowable-async-job-executor-thread-13174#
[PollExecuteTaskStatusExecution] 840ecb38-ed1b-4303-b079-0ce6533f7037 [2026-05-24T18:43:19.945794] Deleting files... (STDOUT, APP/TASK/deploy)#
#2026 05 24 18:43:21.049#Z#DEBUG#3ea96a42-57a0-11f1-b455-eeee0a8493c0.field-task-cap-db-deployer#flowable-async-job-executor-thread-13174#
[PollExecuteTaskStatusExecution] 840ecb38-ed1b-4303-b079-0ce6533f7037 [2026-05-24T18:43:20.104807] Deleting files... ok (STDOUT, APP/TASK/deploy)#
#2026 05 24 18:43:21.049#Z#DEBUG#3ea96a42-57a0-11f1-b455-eeee0a8493c0.field-task-cap-db-deployer#flowable-async-job-executor-thread-13174#
[PollExecuteTaskStatusExecution] 840ecb38-ed1b-4303-b079-0ce6533f7037 [2026-05-24T18:43:20.104887] Writing files... (STDOUT, APP/TASK/deploy)#
#2026 05 24 18:43:21.049#Z#DEBUG#3ea96a42-57a0-11f1-b455-eeee0a8493c0.field-task-cap-db-deployer#flowable-async-job-executor-thread-13174#
[PollExecuteTaskStatusExecution] 840ecb38-ed1b-4303-b079-0ce6533f7037 [2026-05-24T18:43:20.104938] Writing 7 items (STDOUT, APP/TASK/deploy)#
#2026 05 24 18:43:21.049#Z#DEBUG#3ea96a42-57a0-11f1-b455-eeee0a8493c0.field-task-cap-db-deployer#flowable-async-job-executor-thread-13174#
[PollExecuteTaskStatusExecution] 840ecb38-ed1b-4303-b079-0ce6533f7037 [2026-05-24T18:43:20.436839] Writing files... ok (STDOUT, APP/TASK/deploy)#
#2026 05 24 18:43:21.049#Z#DEBUG#3ea96a42-57a0-11f1-b455-eeee0a8493c0.field-task-cap-db-deployer#flowable-async-job-executor-thread-13174#
[PollExecuteTaskStatusExecution] 840ecb38-ed1b-4303-b079-0ce6533f7037 [2026-05-24T18:43:20.437017] Synchronizing files with the container "FB0B8281EC704BE6803F7CA795D2E5F9"... ok (0s 728ms) (STDOUT, APP/TASK/deploy)#
#2026 05 24 18:43:21.049#Z#DEBUG#3ea96a42-57a0-11f1-b455-eeee0a8493c0.field-task-cap-db-deployer#flowable-async-job-executor-thread-13174#
[PollExecuteTaskStatusExecution] 840ecb38-ed1b-4303-b079-0ce6533f7037 [2026-05-24T18:43:20.437468] added files: [ (STDOUT, APP/TASK/deploy)#
#2026 05 24 18:43:21.049#Z#DEBUG#3ea96a42-57a0-11f1-b455-eeee0a8493c0.field-task-cap-db-deployer#flowable-async-job-executor-thread-13174#
[PollExecuteTaskStatusExecution] 840ecb38-ed1b-4303-b079-0ce6533f7037 [2026-05-24T18:43:20.437482] "src/gen/.hdiconfig", (STDOUT, APP/TASK/deploy)#
#2026 05 24 18:43:21.049#Z#DEBUG#3ea96a42-57a0-11f1-b455-eeee0a8493c0.field-task-cap-db-deployer#flowable-async-job-executor-thread-13174#
[PollExecuteTaskStatusExecution] 840ecb38-ed1b-4303-b079-0ce6533f7037 [2026-05-24T18:43:20.437486] "src/gen/.hdinamespace", (STDOUT, APP/TASK/deploy)#
#2026 05 24 18:43:21.049#Z#DEBUG#3ea96a42-57a0-11f1-b455-eeee0a8493c0.field-task-cap-db-deployer#flowable-async-job-executor-thread-13174#
[PollExecuteTaskStatusExecution] 840ecb38-ed1b-4303-b079-0ce6533f7037 [2026-05-24T18:43:20.437489] "src/gen/FieldService.FieldTasks.hdbview", (STDOUT, APP/TASK/deploy)#
#2026 05 24 18:43:21.049#Z#DEBUG#3ea96a42-57a0-11f1-b455-eeee0a8493c0.field-task-cap-db-deployer#flowable-async-job-executor-thread-13174#
[PollExecuteTaskStatusExecution] 840ecb38-ed1b-4303-b079-0ce6533f7037 [2026-05-24T18:43:20.437491] "src/gen/cds.outbox.Messages.hdbtable", (STDOUT, APP/TASK/deploy)#
#2026 05 24 18:43:21.049#Z#DEBUG#3ea96a42-57a0-11f1-b455-eeee0a8493c0.field-task-cap-db-deployer#flowable-async-job-executor-thread-13174#
[PollExecuteTaskStatusExecution] 840ecb38-ed1b-4303-b079-0ce6533f7037 [2026-05-24T18:43:20.437494] "src/gen/field.db.FieldTasks.hdbtable" (STDOUT, APP/TASK/deploy)#
#2026 05 24 18:43:21.049#Z#DEBUG#3ea96a42-57a0-11f1-b455-eeee0a8493c0.field-task-cap-db-deployer#flowable-async-job-executor-thread-13174#
[PollExecuteTaskStatusExecution] 840ecb38-ed1b-4303-b079-0ce6533f7037 [2026-05-24T18:43:20.437496] ] (STDOUT, APP/TASK/deploy)#
#2026 05 24 18:43:21.049#Z#DEBUG#3ea96a42-57a0-11f1-b455-eeee0a8493c0.field-task-cap-db-deployer#flowable-async-job-executor-thread-13174#
[PollExecuteTaskStatusExecution] 840ecb38-ed1b-4303-b079-0ce6533f7037 [2026-05-24T18:43:20.437499] modified files: [] (STDOUT, APP/TASK/deploy)#
#2026 05 24 18:43:21.049#Z#DEBUG#3ea96a42-57a0-11f1-b455-eeee0a8493c0.field-task-cap-db-deployer#flowable-async-job-executor-thread-13174#
[PollExecuteTaskStatusExecution] 840ecb38-ed1b-4303-b079-0ce6533f7037 [2026-05-24T18:43:20.437502] deleted files: [] (STDOUT, APP/TASK/deploy)#
#2026 05 24 18:43:21.049#Z#DEBUG#3ea96a42-57a0-11f1-b455-eeee0a8493c0.field-task-cap-db-deployer#flowable-async-job-executor-thread-13174#
[PollExecuteTaskStatusExecution] 840ecb38-ed1b-4303-b079-0ce6533f7037 [2026-05-24T18:43:20.437652] 5 modified or added files are scheduled for deploy based on delta detection (STDOUT, APP/TASK/deploy)#
#2026 05 24 18:43:21.049#Z#DEBUG#3ea96a42-57a0-11f1-b455-eeee0a8493c0.field-task-cap-db-deployer#flowable-async-job-executor-thread-13174#
[PollExecuteTaskStatusExecution] 840ecb38-ed1b-4303-b079-0ce6533f7037 [2026-05-24T18:43:20.437929] 0 deleted files are scheduled for undeploy based on delta detection (filtered by undeploy allowlist) (STDOUT, APP/TASK/deploy)#
#2026 05 24 18:43:21.049#Z#DEBUG#3ea96a42-57a0-11f1-b455-eeee0a8493c0.field-task-cap-db-deployer#flowable-async-job-executor-thread-13174#
[PollExecuteTaskStatusExecution] 840ecb38-ed1b-4303-b079-0ce6533f7037 [2026-05-24T18:43:20.438098] 0 files are scheduled for deploy based on explicit specification (STDOUT, APP/TASK/deploy)#
#2026 05 24 18:43:21.049#Z#DEBUG#3ea96a42-57a0-11f1-b455-eeee0a8493c0.field-task-cap-db-deployer#flowable-async-job-executor-thread-13174#
[PollExecuteTaskStatusExecution] 840ecb38-ed1b-4303-b079-0ce6533f7037 [2026-05-24T18:43:20.438122] 0 files are scheduled for undeploy based on explicit specification (STDOUT, APP/TASK/deploy)#
#2026 05 24 18:43:21.049#Z#DEBUG#3ea96a42-57a0-11f1-b455-eeee0a8493c0.field-task-cap-db-deployer#flowable-async-job-executor-thread-13174#
[PollExecuteTaskStatusExecution] 840ecb38-ed1b-4303-b079-0ce6533f7037 [2026-05-24T18:43:20.438280] Deploying to the container "FB0B8281EC704BE6803F7CA795D2E5F9"... (STDOUT, APP/TASK/deploy)#
#2026 05 24 18:43:31.058#Z#DEBUG#3ea96a42-57a0-11f1-b455-eeee0a8493c0.field-task-cap-db-deployer#flowable-async-job-executor-thread-13178#
[PollExecuteTaskStatusExecution] 840ecb38-ed1b-4303-b079-0ce6533f7037 [2026-05-24T18:43:21.041215] Polling messages for request id: 14 (STDOUT, APP/TASK/deploy)#
#2026 05 24 18:43:31.058#Z#DEBUG#3ea96a42-57a0-11f1-b455-eeee0a8493c0.field-task-cap-db-deployer#flowable-async-job-executor-thread-13178#
[PollExecuteTaskStatusExecution] 840ecb38-ed1b-4303-b079-0ce6533f7037 [2026-05-24T18:43:21.081931] Starting make in the container "FB0B8281EC704BE6803F7CA795D2E5F9" with 5 files to deploy, 0 files to undeploy... (STDOUT, APP/TASK/deploy)#
#2026 05 24 18:43:31.058#Z#DEBUG#3ea96a42-57a0-11f1-b455-eeee0a8493c0.field-task-cap-db-deployer#flowable-async-job-executor-thread-13178#
[PollExecuteTaskStatusExecution] 840ecb38-ed1b-4303-b079-0ce6533f7037 [2026-05-24T18:43:21.082077] Disabling table replication for the container schema "FB0B8281EC704BE6803F7CA795D2E5F9"... (STDOUT, APP/TASK/deploy)#
#2026 05 24 18:43:31.058#Z#DEBUG#3ea96a42-57a0-11f1-b455-eeee0a8493c0.field-task-cap-db-deployer#flowable-async-job-executor-thread-13178#
[PollExecuteTaskStatusExecution] 840ecb38-ed1b-4303-b079-0ce6533f7037 [2026-05-24T18:43:21.082100] Disabling table replication for the container schema "FB0B8281EC704BE6803F7CA795D2E5F9"... ok (0s 15ms) (STDOUT, APP/TASK/deploy)#
#2026 05 24 18:43:31.058#Z#DEBUG#3ea96a42-57a0-11f1-b455-eeee0a8493c0.field-task-cap-db-deployer#flowable-async-job-executor-thread-13178#
[PollExecuteTaskStatusExecution] 840ecb38-ed1b-4303-b079-0ce6533f7037 [2026-05-24T18:43:21.082104] Migrating libraries... (STDOUT, APP/TASK/deploy)#
#2026 05 24 18:43:31.058#Z#DEBUG#3ea96a42-57a0-11f1-b455-eeee0a8493c0.field-task-cap-db-deployer#flowable-async-job-executor-thread-13178#
[PollExecuteTaskStatusExecution] 840ecb38-ed1b-4303-b079-0ce6533f7037 [2026-05-24T18:43:21.082108] Migrating libraries... ok (0s 17ms) (STDOUT, APP/TASK/deploy)#
#2026 05 24 18:43:31.058#Z#DEBUG#3ea96a42-57a0-11f1-b455-eeee0a8493c0.field-task-cap-db-deployer#flowable-async-job-executor-thread-13178#
[PollExecuteTaskStatusExecution] 840ecb38-ed1b-4303-b079-0ce6533f7037 [2026-05-24T18:43:21.082112] Making... (STDOUT, APP/TASK/deploy)#
#2026 05 24 18:43:31.058#Z#DEBUG#3ea96a42-57a0-11f1-b455-eeee0a8493c0.field-task-cap-db-deployer#flowable-async-job-executor-thread-13178#
[PollExecuteTaskStatusExecution] 840ecb38-ed1b-4303-b079-0ce6533f7037 [2026-05-24T18:43:21.082151] Preparing... (STDOUT, APP/TASK/deploy)#
#2026 05 24 18:43:31.058#Z#DEBUG#3ea96a42-57a0-11f1-b455-eeee0a8493c0.field-task-cap-db-deployer#flowable-async-job-executor-thread-13178#
[PollExecuteTaskStatusExecution] 840ecb38-ed1b-4303-b079-0ce6533f7037 [2026-05-24T18:43:21.082157] Preparing the make transaction... (STDOUT, APP/TASK/deploy)#
#2026 05 24 18:43:31.058#Z#DEBUG#3ea96a42-57a0-11f1-b455-eeee0a8493c0.field-task-cap-db-deployer#flowable-async-job-executor-thread-13178#
[PollExecuteTaskStatusExecution] 840ecb38-ed1b-4303-b079-0ce6533f7037 [2026-05-24T18:43:22.091056] Preparing the make transaction... ok (0s 646ms) (STDOUT, APP/TASK/deploy)#
#2026 05 24 18:43:31.058#Z#DEBUG#3ea96a42-57a0-11f1-b455-eeee0a8493c0.field-task-cap-db-deployer#flowable-async-job-executor-thread-13178#
[PollExecuteTaskStatusExecution] 840ecb38-ed1b-4303-b079-0ce6533f7037 [2026-05-24T18:43:22.091087] Deploying the configuration file "src/gen/.hdiconfig"... (STDOUT, APP/TASK/deploy)#
#2026 05 24 18:43:31.058#Z#DEBUG#3ea96a42-57a0-11f1-b455-eeee0a8493c0.field-task-cap-db-deployer#flowable-async-job-executor-thread-13178#
[PollExecuteTaskStatusExecution] 840ecb38-ed1b-4303-b079-0ce6533f7037 [2026-05-24T18:43:22.091446] Deploying the configuration file "src/gen/.hdiconfig"... ok (0s 53ms) (STDOUT, APP/TASK/deploy)#
#2026 05 24 18:43:31.058#Z#DEBUG#3ea96a42-57a0-11f1-b455-eeee0a8493c0.field-task-cap-db-deployer#flowable-async-job-executor-thread-13178#
[PollExecuteTaskStatusExecution] 840ecb38-ed1b-4303-b079-0ce6533f7037 [2026-05-24T18:43:22.091463] Deploying the namespace file "src/gen/.hdinamespace"... (STDOUT, APP/TASK/deploy)#
#2026 05 24 18:43:31.058#Z#DEBUG#3ea96a42-57a0-11f1-b455-eeee0a8493c0.field-task-cap-db-deployer#flowable-async-job-executor-thread-13178#
[PollExecuteTaskStatusExecution] 840ecb38-ed1b-4303-b079-0ce6533f7037 [2026-05-24T18:43:22.092110] Deploying the namespace file "src/gen/.hdinamespace"... ok (0s 31ms) (STDOUT, APP/TASK/deploy)#
#2026 05 24 18:43:31.058#Z#DEBUG#3ea96a42-57a0-11f1-b455-eeee0a8493c0.field-task-cap-db-deployer#flowable-async-job-executor-thread-13178#
[PollExecuteTaskStatusExecution] 840ecb38-ed1b-4303-b079-0ce6533f7037 [2026-05-24T18:43:22.092240] Adding "src/gen/FieldService.FieldTasks.hdbview" for deploy... (STDOUT, APP/TASK/deploy)#
#2026 05 24 18:43:31.058#Z#DEBUG#3ea96a42-57a0-11f1-b455-eeee0a8493c0.field-task-cap-db-deployer#flowable-async-job-executor-thread-13178#
[PollExecuteTaskStatusExecution] 840ecb38-ed1b-4303-b079-0ce6533f7037 [2026-05-24T18:43:22.092252] Adding "src/gen/FieldService.FieldTasks.hdbview" for deploy... ok (0s 48ms) (STDOUT, APP/TASK/deploy)#
#2026 05 24 18:43:31.058#Z#DEBUG#3ea96a42-57a0-11f1-b455-eeee0a8493c0.field-task-cap-db-deployer#flowable-async-job-executor-thread-13178#
[PollExecuteTaskStatusExecution] 840ecb38-ed1b-4303-b079-0ce6533f7037 [2026-05-24T18:43:22.092257] Adding "src/gen/cds.outbox.Messages.hdbtable" for deploy... (STDOUT, APP/TASK/deploy)#
#2026 05 24 18:43:31.058#Z#DEBUG#3ea96a42-57a0-11f1-b455-eeee0a8493c0.field-task-cap-db-deployer#flowable-async-job-executor-thread-13178#
[PollExecuteTaskStatusExecution] 840ecb38-ed1b-4303-b079-0ce6533f7037 [2026-05-24T18:43:22.092268] Adding "src/gen/cds.outbox.Messages.hdbtable" for deploy... ok (0s 0ms) (STDOUT, APP/TASK/deploy)#
#2026 05 24 18:43:31.058#Z#DEBUG#3ea96a42-57a0-11f1-b455-eeee0a8493c0.field-task-cap-db-deployer#flowable-async-job-executor-thread-13178#
[PollExecuteTaskStatusExecution] 840ecb38-ed1b-4303-b079-0ce6533f7037 [2026-05-24T18:43:22.092334] Adding "src/gen/field.db.FieldTasks.hdbtable" for deploy... (STDOUT, APP/TASK/deploy)#
#2026 05 24 18:43:31.058#Z#DEBUG#3ea96a42-57a0-11f1-b455-eeee0a8493c0.field-task-cap-db-deployer#flowable-async-job-executor-thread-13178#
[PollExecuteTaskStatusExecution] 840ecb38-ed1b-4303-b079-0ce6533f7037 [2026-05-24T18:43:22.092355] Adding "src/gen/field.db.FieldTasks.hdbtable" for deploy... ok (0s 0ms) (STDOUT, APP/TASK/deploy)#
#2026 05 24 18:43:31.058#Z#DEBUG#3ea96a42-57a0-11f1-b455-eeee0a8493c0.field-task-cap-db-deployer#flowable-async-job-executor-thread-13178#
[PollExecuteTaskStatusExecution] 840ecb38-ed1b-4303-b079-0ce6533f7037 [2026-05-24T18:43:22.092463] Preparing... ok (0s 852ms) (STDOUT, APP/TASK/deploy)#
#2026 05 24 18:43:31.058#Z#DEBUG#3ea96a42-57a0-11f1-b455-eeee0a8493c0.field-task-cap-db-deployer#flowable-async-job-executor-thread-13178#
[PollExecuteTaskStatusExecution] 840ecb38-ed1b-4303-b079-0ce6533f7037 [2026-05-24T18:43:22.092584] Calculating dependencies... (STDOUT, APP/TASK/deploy)#
#2026 05 24 18:43:31.058#Z#DEBUG#3ea96a42-57a0-11f1-b455-eeee0a8493c0.field-task-cap-db-deployer#flowable-async-job-executor-thread-13178#
[PollExecuteTaskStatusExecution] 840ecb38-ed1b-4303-b079-0ce6533f7037 [2026-05-24T18:43:22.092659] Expanding... (STDOUT, APP/TASK/deploy)#
#2026 05 24 18:43:31.058#Z#DEBUG#3ea96a42-57a0-11f1-b455-eeee0a8493c0.field-task-cap-db-deployer#flowable-async-job-executor-thread-13178#
[PollExecuteTaskStatusExecution] 840ecb38-ed1b-4303-b079-0ce6533f7037 [2026-05-24T18:43:22.092895] Expanding "src/gen/FieldService.FieldTasks.hdbview"... (STDOUT, APP/TASK/deploy)#
#2026 05 24 18:43:31.058#Z#DEBUG#3ea96a42-57a0-11f1-b455-eeee0a8493c0.field-task-cap-db-deployer#flowable-async-job-executor-thread-13178#
[PollExecuteTaskStatusExecution] 840ecb38-ed1b-4303-b079-0ce6533f7037 [2026-05-24T18:43:22.092970] Expanding "src/gen/cds.outbox.Messages.hdbtable"... (STDOUT, APP/TASK/deploy)#
#2026 05 24 18:43:31.058#Z#DEBUG#3ea96a42-57a0-11f1-b455-eeee0a8493c0.field-task-cap-db-deployer#flowable-async-job-executor-thread-13178#
[PollExecuteTaskStatusExecution] 840ecb38-ed1b-4303-b079-0ce6533f7037 [2026-05-24T18:43:22.093201] Expanding "src/gen/field.db.FieldTasks.hdbtable"... (STDOUT, APP/TASK/deploy)#
#2026 05 24 18:43:31.058#Z#DEBUG#3ea96a42-57a0-11f1-b455-eeee0a8493c0.field-task-cap-db-deployer#flowable-async-job-executor-thread-13178#
[PollExecuteTaskStatusExecution] 840ecb38-ed1b-4303-b079-0ce6533f7037 [2026-05-24T18:43:22.093272] Expanding "src/gen/FieldService.FieldTasks.hdbview"... ok (0s 17ms) (STDOUT, APP/TASK/deploy)#
#2026 05 24 18:43:31.058#Z#DEBUG#3ea96a42-57a0-11f1-b455-eeee0a8493c0.field-task-cap-db-deployer#flowable-async-job-executor-thread-13178#
[PollExecuteTaskStatusExecution] 840ecb38-ed1b-4303-b079-0ce6533f7037 [2026-05-24T18:43:22.093346] Expanding "src/gen/field.db.FieldTasks.hdbtable"... ok (0s 15ms) (STDOUT, APP/TASK/deploy)#
#2026 05 24 18:43:31.058#Z#DEBUG#3ea96a42-57a0-11f1-b455-eeee0a8493c0.field-task-cap-db-deployer#flowable-async-job-executor-thread-13178#
[PollExecuteTaskStatusExecution] 840ecb38-ed1b-4303-b079-0ce6533f7037 [2026-05-24T18:43:22.093430] Expanding "src/gen/cds.outbox.Messages.hdbtable"... ok (0s 15ms) (STDOUT, APP/TASK/deploy)#
#2026 05 24 18:43:31.058#Z#DEBUG#3ea96a42-57a0-11f1-b455-eeee0a8493c0.field-task-cap-db-deployer#flowable-async-job-executor-thread-13178#
[PollExecuteTaskStatusExecution] 840ecb38-ed1b-4303-b079-0ce6533f7037 [2026-05-24T18:43:22.093496] Expanding... ok (0s 59ms) (STDOUT, APP/TASK/deploy)#
#2026 05 24 18:43:31.058#Z#DEBUG#3ea96a42-57a0-11f1-b455-eeee0a8493c0.field-task-cap-db-deployer#flowable-async-job-executor-thread-13178#
[PollExecuteTaskStatusExecution] 840ecb38-ed1b-4303-b079-0ce6533f7037 [2026-05-24T18:43:22.093568] Precompiling... (STDOUT, APP/TASK/deploy)#
#2026 05 24 18:43:31.058#Z#DEBUG#3ea96a42-57a0-11f1-b455-eeee0a8493c0.field-task-cap-db-deployer#flowable-async-job-executor-thread-13178#
[PollExecuteTaskStatusExecution] 840ecb38-ed1b-4303-b079-0ce6533f7037 [2026-05-24T18:43:22.093645] Precompiling "src/gen/FieldService.FieldTasks.hdbview"... (STDOUT, APP/TASK/deploy)#
#2026 05 24 18:43:31.058#Z#DEBUG#3ea96a42-57a0-11f1-b455-eeee0a8493c0.field-task-cap-db-deployer#flowable-async-job-executor-thread-13178#
[PollExecuteTaskStatusExecution] 840ecb38-ed1b-4303-b079-0ce6533f7037 [2026-05-24T18:43:22.093712] Precompiling "src/gen/cds.outbox.Messages.hdbtable"... (STDOUT, APP/TASK/deploy)#
#2026 05 24 18:43:31.058#Z#DEBUG#3ea96a42-57a0-11f1-b455-eeee0a8493c0.field-task-cap-db-deployer#flowable-async-job-executor-thread-13178#
[PollExecuteTaskStatusExecution] 840ecb38-ed1b-4303-b079-0ce6533f7037 [2026-05-24T18:43:22.093782] Precompiling "src/gen/field.db.FieldTasks.hdbtable"... (STDOUT, APP/TASK/deploy)#
#2026 05 24 18:43:31.058#Z#DEBUG#3ea96a42-57a0-11f1-b455-eeee0a8493c0.field-task-cap-db-deployer#flowable-async-job-executor-thread-13178#
[PollExecuteTaskStatusExecution] 840ecb38-ed1b-4303-b079-0ce6533f7037 [2026-05-24T18:43:22.093869] Precompiling "src/gen/cds.outbox.Messages.hdbtable"... ok (0s 9ms) (STDOUT, APP/TASK/deploy)#
#2026 05 24 18:43:31.058#Z#DEBUG#3ea96a42-57a0-11f1-b455-eeee0a8493c0.field-task-cap-db-deployer#flowable-async-job-executor-thread-13178#
[PollExecuteTaskStatusExecution] 840ecb38-ed1b-4303-b079-0ce6533f7037 [2026-05-24T18:43:22.093932] Precompiling "src/gen/FieldService.FieldTasks.hdbview"... ok (0s 10ms) (STDOUT, APP/TASK/deploy)#
#2026 05 24 18:43:31.058#Z#DEBUG#3ea96a42-57a0-11f1-b455-eeee0a8493c0.field-task-cap-db-deployer#flowable-async-job-executor-thread-13178#
[PollExecuteTaskStatusExecution] 840ecb38-ed1b-4303-b079-0ce6533f7037 [2026-05-24T18:43:22.094004] Precompiling "src/gen/field.db.FieldTasks.hdbtable"... ok (0s 9ms) (STDOUT, APP/TASK/deploy)#
#2026 05 24 18:43:31.058#Z#DEBUG#3ea96a42-57a0-11f1-b455-eeee0a8493c0.field-task-cap-db-deployer#flowable-async-job-executor-thread-13178#
[PollExecuteTaskStatusExecution] 840ecb38-ed1b-4303-b079-0ce6533f7037 [2026-05-24T18:43:22.094085] Precompiling... ok (0s 31ms) (STDOUT, APP/TASK/deploy)#
#2026 05 24 18:43:31.058#Z#DEBUG#3ea96a42-57a0-11f1-b455-eeee0a8493c0.field-task-cap-db-deployer#flowable-async-job-executor-thread-13178#
[PollExecuteTaskStatusExecution] 840ecb38-ed1b-4303-b079-0ce6533f7037 [2026-05-24T18:43:22.094152] Merging... (STDOUT, APP/TASK/deploy)#
#2026 05 24 18:43:31.058#Z#DEBUG#3ea96a42-57a0-11f1-b455-eeee0a8493c0.field-task-cap-db-deployer#flowable-async-job-executor-thread-13178#
[PollExecuteTaskStatusExecution] 840ecb38-ed1b-4303-b079-0ce6533f7037 [2026-05-24T18:43:22.094444] Merging... ok (0s 25ms) (STDOUT, APP/TASK/deploy)#
#2026 05 24 18:43:31.058#Z#DEBUG#3ea96a42-57a0-11f1-b455-eeee0a8493c0.field-task-cap-db-deployer#flowable-async-job-executor-thread-13178#
[PollExecuteTaskStatusExecution] 840ecb38-ed1b-4303-b079-0ce6533f7037 [2026-05-24T18:43:22.094456] Calculating dependencies... ok (0s 115ms) (STDOUT, APP/TASK/deploy)#
#2026 05 24 18:43:31.058#Z#DEBUG#3ea96a42-57a0-11f1-b455-eeee0a8493c0.field-task-cap-db-deployer#flowable-async-job-executor-thread-13178#
[PollExecuteTaskStatusExecution] 840ecb38-ed1b-4303-b079-0ce6533f7037 [2026-05-24T18:43:22.094460] Processing work list... (STDOUT, APP/TASK/deploy)#
#2026 05 24 18:43:31.058#Z#DEBUG#3ea96a42-57a0-11f1-b455-eeee0a8493c0.field-task-cap-db-deployer#flowable-async-job-executor-thread-13178#
[PollExecuteTaskStatusExecution] 840ecb38-ed1b-4303-b079-0ce6533f7037 [2026-05-24T18:43:22.094463] Deploying "src/gen/cds.outbox.Messages.hdbtable"... (STDOUT, APP/TASK/deploy)#
#2026 05 24 18:43:31.058#Z#DEBUG#3ea96a42-57a0-11f1-b455-eeee0a8493c0.field-task-cap-db-deployer#flowable-async-job-executor-thread-13178#
[PollExecuteTaskStatusExecution] 840ecb38-ed1b-4303-b079-0ce6533f7037 [2026-05-24T18:43:22.094466] Deploying "src/gen/field.db.FieldTasks.hdbtable"... (STDOUT, APP/TASK/deploy)#
#2026 05 24 18:43:31.058#Z#DEBUG#3ea96a42-57a0-11f1-b455-eeee0a8493c0.field-task-cap-db-deployer#flowable-async-job-executor-thread-13178#
[PollExecuteTaskStatusExecution] 840ecb38-ed1b-4303-b079-0ce6533f7037 [2026-05-24T18:43:22.094481] Deploying "src/gen/cds.outbox.Messages.hdbtable"... ok (0s 204ms) (STDOUT, APP/TASK/deploy)#
#2026 05 24 18:43:31.058#Z#DEBUG#3ea96a42-57a0-11f1-b455-eeee0a8493c0.field-task-cap-db-deployer#flowable-async-job-executor-thread-13178#
[PollExecuteTaskStatusExecution] 840ecb38-ed1b-4303-b079-0ce6533f7037 [2026-05-24T18:43:22.094587] Deploying "src/gen/field.db.FieldTasks.hdbtable"... ok (0s 204ms) (STDOUT, APP/TASK/deploy)#
#2026 05 24 18:43:31.058#Z#DEBUG#3ea96a42-57a0-11f1-b455-eeee0a8493c0.field-task-cap-db-deployer#flowable-async-job-executor-thread-13178#
[PollExecuteTaskStatusExecution] 840ecb38-ed1b-4303-b079-0ce6533f7037 [2026-05-24T18:43:22.094604] Deploying "src/gen/FieldService.FieldTasks.hdbview"... (STDOUT, APP/TASK/deploy)#
#2026 05 24 18:43:31.058#Z#DEBUG#3ea96a42-57a0-11f1-b455-eeee0a8493c0.field-task-cap-db-deployer#flowable-async-job-executor-thread-13178#
[PollExecuteTaskStatusExecution] 840ecb38-ed1b-4303-b079-0ce6533f7037 [2026-05-24T18:43:22.094609] Deploying "src/gen/FieldService.FieldTasks.hdbview"... ok (0s 48ms) (STDOUT, APP/TASK/deploy)#
#2026 05 24 18:43:31.058#Z#DEBUG#3ea96a42-57a0-11f1-b455-eeee0a8493c0.field-task-cap-db-deployer#flowable-async-job-executor-thread-13178#
[PollExecuteTaskStatusExecution] 840ecb38-ed1b-4303-b079-0ce6533f7037 [2026-05-24T18:43:22.094614] Processing work list... ok (0s 271ms) (STDOUT, APP/TASK/deploy)#
#2026 05 24 18:43:31.058#Z#DEBUG#3ea96a42-57a0-11f1-b455-eeee0a8493c0.field-task-cap-db-deployer#flowable-async-job-executor-thread-13178#
[PollExecuteTaskStatusExecution] 840ecb38-ed1b-4303-b079-0ce6533f7037 [2026-05-24T18:43:22.094671] Finalizing... (STDOUT, APP/TASK/deploy)#
#2026 05 24 18:43:31.058#Z#DEBUG#3ea96a42-57a0-11f1-b455-eeee0a8493c0.field-task-cap-db-deployer#flowable-async-job-executor-thread-13178#
[PollExecuteTaskStatusExecution] 840ecb38-ed1b-4303-b079-0ce6533f7037 [2026-05-24T18:43:22.197724] Finalizing... ok (0s 68ms) (STDOUT, APP/TASK/deploy)#
#2026 05 24 18:43:31.058#Z#DEBUG#3ea96a42-57a0-11f1-b455-eeee0a8493c0.field-task-cap-db-deployer#flowable-async-job-executor-thread-13178#
[PollExecuteTaskStatusExecution] 840ecb38-ed1b-4303-b079-0ce6533f7037 [2026-05-24T18:43:22.197757] Make succeeded (0 warnings): 5 files deployed (effective 5), 0 files undeployed (effective 0), 0 dependent files redeployed (STDOUT, APP/TASK/deploy)#
#2026 05 24 18:43:31.058#Z#DEBUG#3ea96a42-57a0-11f1-b455-eeee0a8493c0.field-task-cap-db-deployer#flowable-async-job-executor-thread-13178#
[PollExecuteTaskStatusExecution] 840ecb38-ed1b-4303-b079-0ce6533f7037 [2026-05-24T18:43:22.197760] Making... ok (1s 446ms) (STDOUT, APP/TASK/deploy)#
#2026 05 24 18:43:31.058#Z#DEBUG#3ea96a42-57a0-11f1-b455-eeee0a8493c0.field-task-cap-db-deployer#flowable-async-job-executor-thread-13178#
[PollExecuteTaskStatusExecution] 840ecb38-ed1b-4303-b079-0ce6533f7037 [2026-05-24T18:43:22.197764] Enabling table replication for the container schema "FB0B8281EC704BE6803F7CA795D2E5F9"... (STDOUT, APP/TASK/deploy)#
#2026 05 24 18:43:31.058#Z#DEBUG#3ea96a42-57a0-11f1-b455-eeee0a8493c0.field-task-cap-db-deployer#flowable-async-job-executor-thread-13178#
[PollExecuteTaskStatusExecution] 840ecb38-ed1b-4303-b079-0ce6533f7037 [2026-05-24T18:43:22.197767] Enabling table replication for the container schema "FB0B8281EC704BE6803F7CA795D2E5F9"... ok (0s 13ms) (STDOUT, APP/TASK/deploy)#
#2026 05 24 18:43:31.058#Z#DEBUG#3ea96a42-57a0-11f1-b455-eeee0a8493c0.field-task-cap-db-deployer#flowable-async-job-executor-thread-13178#
[PollExecuteTaskStatusExecution] 840ecb38-ed1b-4303-b079-0ce6533f7037 [2026-05-24T18:43:22.197770] Starting make in the container "FB0B8281EC704BE6803F7CA795D2E5F9" with 5 files to deploy, 0 files to undeploy... ok (1s 518ms) (STDOUT, APP/TASK/deploy)#
#2026 05 24 18:43:31.058#Z#DEBUG#3ea96a42-57a0-11f1-b455-eeee0a8493c0.field-task-cap-db-deployer#flowable-async-job-executor-thread-13178#
[PollExecuteTaskStatusExecution] 840ecb38-ed1b-4303-b079-0ce6533f7037 [2026-05-24T18:43:22.197773] Deploying to the container "FB0B8281EC704BE6803F7CA795D2E5F9"... ok (1s 759ms) (STDOUT, APP/TASK/deploy)#
#2026 05 24 18:43:31.058#Z#DEBUG#3ea96a42-57a0-11f1-b455-eeee0a8493c0.field-task-cap-db-deployer#flowable-async-job-executor-thread-13178#
[PollExecuteTaskStatusExecution] 840ecb38-ed1b-4303-b079-0ce6533f7037 [2026-05-24T18:43:22.198194] No default-access-role handling needed; global role "FB0B8281EC704BE6803F7CA795D2E5F9::access_role" will not be adapted (STDOUT, APP/TASK/deploy)#
#2026 05 24 18:43:31.058#Z#DEBUG#3ea96a42-57a0-11f1-b455-eeee0a8493c0.field-task-cap-db-deployer#flowable-async-job-executor-thread-13178#
[PollExecuteTaskStatusExecution] 840ecb38-ed1b-4303-b079-0ce6533f7037 [2026-05-24T18:43:22.198244] Unlocking the container "FB0B8281EC704BE6803F7CA795D2E5F9"... (STDOUT, APP/TASK/deploy)#
#2026 05 24 18:43:31.058#Z#DEBUG#3ea96a42-57a0-11f1-b455-eeee0a8493c0.field-task-cap-db-deployer#flowable-async-job-executor-thread-13178#
[PollExecuteTaskStatusExecution] 840ecb38-ed1b-4303-b079-0ce6533f7037 [2026-05-24T18:43:22.198796] Unlocking the container "FB0B8281EC704BE6803F7CA795D2E5F9"... ok (0s 0ms) (STDOUT, APP/TASK/deploy)#
#2026 05 24 18:43:31.058#Z#DEBUG#3ea96a42-57a0-11f1-b455-eeee0a8493c0.field-task-cap-db-deployer#flowable-async-job-executor-thread-13178#
[PollExecuteTaskStatusExecution] 840ecb38-ed1b-4303-b079-0ce6533f7037 [2026-05-24T18:43:22.199020] Deployment to container FB0B8281EC704BE6803F7CA795D2E5F9 done [Deployment ID: none]. (STDOUT, APP/TASK/deploy)#
#2026 05 24 18:43:31.058#Z#DEBUG#3ea96a42-57a0-11f1-b455-eeee0a8493c0.field-task-cap-db-deployer#flowable-async-job-executor-thread-13178#
[PollExecuteTaskStatusExecution] 840ecb38-ed1b-4303-b079-0ce6533f7037 [2026-05-24T18:43:22.199560] Deployment ended at 2026-05-24 18:43:22 (STDOUT, APP/TASK/deploy)#
#2026 05 24 18:43:31.058#Z#DEBUG#3ea96a42-57a0-11f1-b455-eeee0a8493c0.field-task-cap-db-deployer#flowable-async-job-executor-thread-13178#
[PollExecuteTaskStatusExecution] 840ecb38-ed1b-4303-b079-0ce6533f7037 [2026-05-24T18:43:22.200315] (3s 629ms) (STDOUT, APP/TASK/deploy)#
#2026 05 24 18:43:31.058#Z#DEBUG#3ea96a42-57a0-11f1-b455-eeee0a8493c0.field-task-cap-db-deployer#flowable-async-job-executor-thread-13178#
[PollExecuteTaskStatusExecution] 840ecb38-ed1b-4303-b079-0ce6533f7037 [2026-05-24T18:43:22.215812] npm notice (STDERR, APP/TASK/deploy)#
#2026 05 24 18:43:31.058#Z#DEBUG#3ea96a42-57a0-11f1-b455-eeee0a8493c0.field-task-cap-db-deployer#flowable-async-job-executor-thread-13178#
[PollExecuteTaskStatusExecution] 840ecb38-ed1b-4303-b079-0ce6533f7037 [2026-05-24T18:43:22.215860] npm notice New minor version of npm available! 11.6.2 -> 11.15.0 (STDERR, APP/TASK/deploy)#
#2026 05 24 18:43:31.058#Z#DEBUG#3ea96a42-57a0-11f1-b455-eeee0a8493c0.field-task-cap-db-deployer#flowable-async-job-executor-thread-13178#
[PollExecuteTaskStatusExecution] 840ecb38-ed1b-4303-b079-0ce6533f7037 [2026-05-24T18:43:22.215865] npm notice Changelog: https://github.com/npm/cli/releases/tag/v11.15.0 (STDERR, APP/TASK/deploy)#
#2026 05 24 18:43:31.058#Z#DEBUG#3ea96a42-57a0-11f1-b455-eeee0a8493c0.field-task-cap-db-deployer#flowable-async-job-executor-thread-13178#
[PollExecuteTaskStatusExecution] 840ecb38-ed1b-4303-b079-0ce6533f7037 [2026-05-24T18:43:22.215869] npm notice To update run: npm install -g npm@11.15.0 (STDERR, APP/TASK/deploy)#
#2026 05 24 18:43:31.058#Z#DEBUG#3ea96a42-57a0-11f1-b455-eeee0a8493c0.field-task-cap-db-deployer#flowable-async-job-executor-thread-13178#
[PollExecuteTaskStatusExecution] 840ecb38-ed1b-4303-b079-0ce6533f7037 [2026-05-24T18:43:22.215889] npm notice (STDERR, APP/TASK/deploy)#
#2026 05 24 18:43:31.058#Z#DEBUG#3ea96a42-57a0-11f1-b455-eeee0a8493c0.field-task-cap-db-deployer#flowable-async-job-executor-thread-13178#
[PollExecuteTaskStatusExecution] 840ecb38-ed1b-4303-b079-0ce6533f7037 [2026-05-24T18:43:22.292667] Exit status 0 (STDOUT, APP/TASK/deploy)#
#2026 05 24 18:43:31.058#Z#DEBUG#3ea96a42-57a0-11f1-b455-eeee0a8493c0.field-task-cap-db-deployer#flowable-async-job-executor-thread-13178#
[PollExecuteTaskStatusExecution] 840ecb38-ed1b-4303-b079-0ce6533f7037 [2026-05-24T18:43:22.701992] Cell d1cc041a-d5a1-41d6-b9f6-6cda736ce3f0 stopping instance d5664347-3f81-4c70-955d-e26e48640d04 (STDOUT, CELL)#
#2026 05 24 18:43:31.058#Z#DEBUG#3ea96a42-57a0-11f1-b455-eeee0a8493c0.field-task-cap-db-deployer#flowable-async-job-executor-thread-13178#
[PollExecuteTaskStatusExecution] 840ecb38-ed1b-4303-b079-0ce6533f7037 [2026-05-24T18:43:22.702035] Cell d1cc041a-d5a1-41d6-b9f6-6cda736ce3f0 destroying container for instance d5664347-3f81-4c70-955d-e26e48640d04 (STDOUT, CELL)#
#2026 05 24 18:43:31.058#Z#DEBUG#3ea96a42-57a0-11f1-b455-eeee0a8493c0.field-task-cap-db-deployer#flowable-async-job-executor-thread-13178#
[PollExecuteTaskStatusExecution] 840ecb38-ed1b-4303-b079-0ce6533f7037 [2026-05-24T18:43:25.829574] Cell d1cc041a-d5a1-41d6-b9f6-6cda736ce3f0 successfully destroyed container for instance d5664347-3f81-4c70-955d-e26e48640d04 (STDOUT, CELL)#
